Component: ARM Compiler 5.06 update 7 (build 960) Tool: armlink [4d3601]

==============================================================================

Section Cross References

    startup_stm32g474xx.o(STACK) refers (Special) to heapauxi.o(.text) for __use_two_region_memory
    startup_stm32g474xx.o(HEAP) refers (Special) to heapauxi.o(.text) for __use_two_region_memory
    startup_stm32g474xx.o(RESET) refers (Special) to heapauxi.o(.text) for __use_two_region_memory
    startup_stm32g474xx.o(RESET) refers to startup_stm32g474xx.o(STACK) for __initial_sp
    startup_stm32g474xx.o(RESET) refers to startup_stm32g474xx.o(.text) for Reset_Handler
    startup_stm32g474xx.o(RESET) refers to stm32g4xx_it.o(i.NMI_Handler) for NMI_Handler
    startup_stm32g474xx.o(RESET) refers to stm32g4xx_it.o(i.HardFault_Handler) for HardFault_Handler
    startup_stm32g474xx.o(RESET) refers to stm32g4xx_it.o(i.MemManage_Handler) for MemManage_Handler
    startup_stm32g474xx.o(RESET) refers to stm32g4xx_it.o(i.BusFault_Handler) for BusFault_Handler
    startup_stm32g474xx.o(RESET) refers to stm32g4xx_it.o(i.UsageFault_Handler) for UsageFault_Handler
    startup_stm32g474xx.o(RESET) refers to stm32g4xx_it.o(i.SVC_Handler) for SVC_Handler
    startup_stm32g474xx.o(RESET) refers to stm32g4xx_it.o(i.DebugMon_Handler) for DebugMon_Handler
    startup_stm32g474xx.o(RESET) refers to stm32g4xx_it.o(i.PendSV_Handler) for PendSV_Handler
    startup_stm32g474xx.o(RESET) refers to stm32g4xx_it.o(i.SysTick_Handler) for SysTick_Handler
    startup_stm32g474xx.o(RESET) refers to stm32g4xx_it.o(i.DMA1_Channel1_IRQHandler) for DMA1_Channel1_IRQHandler
    startup_stm32g474xx.o(RESET) refers to stm32g4xx_it.o(i.TIM4_IRQHandler) for TIM4_IRQHandler
    startup_stm32g474xx.o(.text) refers (Special) to heapauxi.o(.text) for __use_two_region_memory
    startup_stm32g474xx.o(.text) refers to system_stm32g4xx.o(i.SystemInit) for SystemInit
    startup_stm32g474xx.o(.text) refers to __main.o(!!!main) for __main
    startup_stm32g474xx.o(.text) refers to startup_stm32g474xx.o(HEAP) for Heap_Mem
    startup_stm32g474xx.o(.text) refers to startup_stm32g474xx.o(STACK) for Stack_Mem
    main.o(i.HAL_TIM_IC_CaptureCallback) refers to ddac.o(i.DDS_REStart) for DDS_REStart
    main.o(i.HAL_TIM_IC_CaptureCallback) refers to main.o(.data) for tick
    main.o(i.HAL_TIM_IC_CaptureCallback) refers to ddac.o(.bss) for dds_handler
    main.o(i.SystemClock_Config) refers to rt_memclr_w.o(.text) for __aeabi_memclr4
    main.o(i.SystemClock_Config) refers to stm32g4xx_hal_pwr_ex.o(i.HAL_PWREx_ControlVoltageScaling) for HAL_PWREx_ControlVoltageScaling
    main.o(i.SystemClock_Config) refers to stm32g4xx_hal_rcc.o(i.HAL_RCC_OscConfig) for HAL_RCC_OscConfig
    main.o(i.SystemClock_Config) refers to main.o(i.Error_Handler) for Error_Handler
    main.o(i.SystemClock_Config) refers to stm32g4xx_hal_rcc.o(i.HAL_RCC_ClockConfig) for HAL_RCC_ClockConfig
    main.o(i.main) refers to stm32g4xx_hal.o(i.HAL_Init) for HAL_Init
    main.o(i.main) refers to main.o(i.SystemClock_Config) for SystemClock_Config
    main.o(i.main) refers to gpio.o(i.MX_GPIO_Init) for MX_GPIO_Init
    main.o(i.main) refers to dma.o(i.MX_DMA_Init) for MX_DMA_Init
    main.o(i.main) refers to dac.o(i.MX_DAC1_Init) for MX_DAC1_Init
    main.o(i.main) refers to tim.o(i.MX_TIM2_Init) for MX_TIM2_Init
    main.o(i.main) refers to tim.o(i.MX_TIM4_Init) for MX_TIM4_Init
    main.o(i.main) refers to comp.o(i.MX_COMP1_Init) for MX_COMP1_Init
    main.o(i.main) refers to dac.o(i.MX_DAC3_Init) for MX_DAC3_Init
    main.o(i.main) refers to stm32g4xx_hal_comp.o(i.HAL_COMP_Start) for HAL_COMP_Start
    main.o(i.main) refers to ddac.o(i.DDS_Init) for DDS_Init
    main.o(i.main) refers to ddac.o(i.DDS_Start) for DDS_Start
    main.o(i.main) refers to stm32g4xx_hal_tim.o(i.HAL_TIM_IC_Start_IT) for HAL_TIM_IC_Start_IT
    main.o(i.main) refers to comp.o(.bss) for hcomp1
    main.o(i.main) refers to ddac.o(.bss) for dds_handler
    main.o(i.main) refers to tim.o(.bss) for htim4
    comp.o(i.HAL_COMP_MspDeInit) refers to stm32g4xx_hal_gpio.o(i.HAL_GPIO_DeInit) for HAL_GPIO_DeInit
    comp.o(i.HAL_COMP_MspInit) refers to rt_memclr_w.o(.text) for __aeabi_memclr4
    comp.o(i.HAL_COMP_MspInit) refers to stm32g4xx_hal_gpio.o(i.HAL_GPIO_Init) for HAL_GPIO_Init
    comp.o(i.MX_COMP1_Init) refers to stm32g4xx_hal_comp.o(i.HAL_COMP_Init) for HAL_COMP_Init
    comp.o(i.MX_COMP1_Init) refers to main.o(i.Error_Handler) for Error_Handler
    comp.o(i.MX_COMP1_Init) refers to comp.o(.bss) for hcomp1
    dac.o(i.HAL_DAC_MspDeInit) refers to stm32g4xx_hal_gpio.o(i.HAL_GPIO_DeInit) for HAL_GPIO_DeInit
    dac.o(i.HAL_DAC_MspDeInit) refers to stm32g4xx_hal_dma.o(i.HAL_DMA_DeInit) for HAL_DMA_DeInit
    dac.o(i.HAL_DAC_MspInit) refers to rt_memclr_w.o(.text) for __aeabi_memclr4
    dac.o(i.HAL_DAC_MspInit) refers to stm32g4xx_hal_gpio.o(i.HAL_GPIO_Init) for HAL_GPIO_Init
[...]
    .text                                    0x08000370   Section        8  libspace.o(.text)
    .text                                    0x08000378   Section       74  sys_stackheap_outer.o(.text)
    .text                                    0x080003c2   Section        0  exit.o(.text)
    .text                                    0x080003d4   Section        0  sys_exit.o(.text)
    .text                                    0x080003e0   Section        2  use_no_semi.o(.text)
    .text                                    0x080003e2   Section        0  indicate_semi.o(.text)
    i.BusFault_Handler                       0x080003e2   Section        0  stm32g4xx_it.o(i.BusFault_Handler)
    i.DAC_DMAConvCpltCh1                     0x080003e6   Section        0  stm32g4xx_hal_dac.o(i.DAC_DMAConvCpltCh1)
    i.DAC_DMAConvCpltCh2                     0x080003f8   Section        0  stm32g4xx_hal_dac_ex.o(i.DAC_DMAConvCpltCh2)
    i.DAC_DMAErrorCh1                        0x0800040a   Section        0  stm32g4xx_hal_dac.o(i.DAC_DMAErrorCh1)
    i.DAC_DMAErrorCh2                        0x08000424   Section        0  stm32g4xx_hal_dac_ex.o(i.DAC_DMAErrorCh2)
    i.DAC_DMAHalfConvCpltCh1                 0x0800043e   Section        0  stm32g4xx_hal_dac.o(i.DAC_DMAHalfConvCpltCh1)
    i.DAC_DMAHalfConvCpltCh2                 0x0800044c   Section        0  stm32g4xx_hal_dac_ex.o(i.DAC_DMAHalfConvCpltCh2)
    i.DDS_GenerateWaveTable                  0x0800045c   Section        0  ddac.o(i.DDS_GenerateWaveTable)
    i.DDS_Init                               0x08000500   Section        0  ddac.o(i.DDS_Init)
    i.DDS_REStart                            0x08000540   Section        0  ddac.o(i.DDS_REStart)
    i.DDS_SetFrequency                       0x08000590   Section        0  ddac.o(i.DDS_SetFrequency)
    i.DDS_SetInitialPhase                    0x0800060c   Section        0  ddac.o(i.DDS_SetInitialPhase)
    i.DDS_Start                              0x08000650   Section        0  ddac.o(i.DDS_Start)
    i.DDS_UpdateBuffer                       0x080006a8   Section        0  ddac.o(i.DDS_UpdateBuffer)
    i.DMA1_Channel1_IRQHandler               0x080006e0   Section        0  stm32g4xx_it.o(i.DMA1_Channel1_IRQHandler)
    i.DMA_CalcDMAMUXChannelBaseAndMask       0x080006f0   Section        0  stm32g4xx_hal_dma.o(i.DMA_CalcDMAMUXChannelBaseAndMask)
    DMA_CalcDMAMUXChannelBaseAndMask         0x080006f1   Thumb Code    58  stm32g4xx_hal_dma.o(i.DMA_CalcDMAMUXChannelBaseAndMask)
    i.DMA_CalcDMAMUXRequestGenBaseAndMask    0x08000734   Section        0  stm32g4xx_hal_dma.o(i.DMA_CalcDMAMUXRequestGenBaseAndMask)
    DMA_CalcDMAMUXRequestGenBaseAndMask      0x08000735   Thumb Code    32  stm32g4xx_hal_dma.o(i.DMA_CalcDMAMUXRequestGenBaseAndMask)
    i.DMA_SetConfig                          0x08000758   Section        0  stm32g4xx_hal_dma.o(i.DMA_SetConfig)
    DMA_SetConfig                            0x08000759   Thumb Code    64  stm32g4xx_hal_dma.o(i.DMA_SetConfig)
    i.DebugMon_Handler                       0x08000798   Section        0  stm32g4xx_it.o(i.DebugMon_Handler)
    i.Error_Handler                          0x0800079a   Section        0  main.o(i.Error_Handler)
    i.HAL_COMP_Init                          0x080007a0   Section        0  stm32g4xx_hal_comp.o(i.HAL_COMP_Init)
    i.HAL_COMP_MspInit                       0x08000ad4   Section        0  comp.o(i.HAL_COMP_MspInit)
    i.HAL_COMP_Start                         0x08000b44   Section        0  stm32g4xx_hal_comp.o(i.HAL_COMP_Start)
    i.HAL_DACEx_ConvCpltCallbackCh2          0x08000ba8   Section        0  stm32g4xx_hal_dac_ex.o(i.HAL_DACEx_ConvCpltCallbackCh2)
    i.HAL_DACEx_ConvHalfCpltCallbackCh2      0x08000baa   Section        0  stm32g4xx_hal_dac_ex.o(i.HAL_DACEx_ConvHalfCpltCallbackCh2)
    i.HAL_DACEx_ErrorCallbackCh2             0x08000bac   Section        0  stm32g4xx_hal_dac_ex.o(i.HAL_DACEx_ErrorCallbackCh2)
    i.HAL_DAC_ConfigChannel                  0x08000bb0   Section        0  stm32g4xx_hal_dac.o(i.HAL_DAC_ConfigChannel)
    i.HAL_DAC_ConvCpltCallbackCh1            0x08000e18   Section        0  ddac.o(i.HAL_DAC_ConvCpltCallbackCh1)
    i.HAL_DAC_ConvHalfCpltCallbackCh1        0x08000e48   Section        0  stm32g4xx_hal_dac.o(i.HAL_DAC_ConvHalfCpltCallbackCh1)
    i.HAL_DAC_ErrorCallbackCh1               0x08000e4a   Section        0  stm32g4xx_hal_dac.o(i.HAL_DAC_ErrorCallbackCh1)
    i.HAL_DAC_Init                           0x08000e4c   Section        0  stm32g4xx_hal_dac.o(i.HAL_DAC_Init)
    i.HAL_DAC_MspInit                        0x08000e74   Section        0  dac.o(i.HAL_DAC_MspInit)
    i.HAL_DAC_Start_DMA                      0x08000f50   Section        0  stm32g4xx_hal_dac.o(i.HAL_DAC_Start_DMA)
    i.HAL_DAC_Stop_DMA                       0x080010ac   Section        0  stm32g4xx_hal_dac.o(i.HAL_DAC_Stop_DMA)
    i.HAL_DMA_Abort                          0x0800110e   Section        0  stm32g4xx_hal_dma.o(i.HAL_DMA_Abort)
    i.HAL_DMA_IRQHandler                     0x08001184   Section        0  stm32g4xx_hal_dma.o(i.HAL_DMA_IRQHandler)
    i.HAL_DMA_Init                           0x08001284   Section        0  stm32g4xx_hal_dma.o(i.HAL_DMA_Init)
    i.HAL_DMA_Start_IT                       0x08001354   Section        0  stm32g4xx_hal_dma.o(i.HAL_DMA_Start_IT)
    i.HAL_Delay                              0x08001418   Section        0  stm32g4xx_hal.o(i.HAL_Delay)
    i.HAL_GPIO_Init                          0x08001440   Section        0  stm32g4xx_hal_gpio.o(i.HAL_GPIO_Init)
    i.HAL_GetTick                            0x0800160c   Section        0  stm32g4xx_hal.o(i.HAL_GetTick)
    i.HAL_IncTick                            0x08001618   Section        0  stm32g4xx_hal.o(i.HAL_IncTick)
    i.HAL_Init                               0x08001630   Section        0  stm32g4xx_hal.o(i.HAL_Init)
    i.HAL_InitTick                           0x08001650   Section        0  stm32g4xx_hal.o(i.HAL_InitTick)
    i.HAL_MspInit                            0x080016a8   Section        0  stm32g4xx_hal_msp.o(i.HAL_MspInit)
    i.HAL_NVIC_EnableIRQ                     0x080016ec   Section        0  stm32g4xx_hal_cortex.o(i.HAL_NVIC_EnableIRQ)
    i.HAL_NVIC_SetPriority                   0x08001714   Section        0  stm32g4xx_hal_cortex.o(i.HAL_NVIC_SetPriority)
    i.HAL_NVIC_SetPriorityGrouping           0x08001790   Section        0  stm32g4xx_hal_cortex.o(i.HAL_NVIC_SetPriorityGrouping)
    i.HAL_PWREx_ControlVoltageScaling        0x080017b8   Section        0  stm32g4xx_hal_pwr_ex.o(i.HAL_PWREx_ControlVoltageScaling)
    i.HAL_PWREx_DisableUCPDDeadBattery       0x080018d0   Section        0  stm32g4xx_hal_pwr_ex.o(i.HAL_PWREx_DisableUCPDDeadBattery)
    i.HAL_RCC_ClockConfig                    0x080018e4   Section        0  stm32g4xx_hal_rcc.o(i.HAL_RCC_ClockConfig)
    i.HAL_RCC_GetHCLKFreq                    0x08001b08   Section        0  stm32g4xx_hal_rcc.o(i.HAL_RCC_GetHCLKFreq)
    i.HAL_RCC_GetSysClockFreq                0x08001b14   Section        0  stm32g4xx_hal_rcc.o(i.HAL_RCC_GetSysClockFreq)
    i.HAL_RCC_OscConfig                      0x08001bac   Section        0  stm32g4xx_hal_rcc.o(i.HAL_RCC_OscConfig)
    i.HAL_SYSTICK_Config                     0x08002108   Section        0  stm32g4xx_hal_cortex.o(i.HAL_SYSTICK_Config)
    i.HAL_TIMEx_Break2Callback               0x0800213c   Section        0  stm32g4xx_hal_tim_ex.o(i.HAL_TIMEx_Break2Callback)
    i.HAL_TIMEx_BreakCallback                0x0800213e   Section        0  stm32g4xx_hal_tim_ex.o(i.HAL_TIMEx_BreakCallback)
    i.HAL_TIMEx_CommutCallback               0x08002140   Section        0  stm32g4xx_hal_tim_ex.o(i.HAL_TIMEx_CommutCallback)
    i.HAL_TIMEx_DirectionChangeCallback      0x08002142   Section        0  stm32g4xx_hal_tim_ex.o(i.HAL_TIMEx_DirectionChangeCallback)
    i.HAL_TIMEx_EncoderIndexCallback         0x08002144   Section        0  stm32g4xx_hal_tim_ex.o(i.HAL_TIMEx_EncoderIndexCallback)
    i.HAL_TIMEx_IndexErrorCallback           0x08002146   Section        0  stm32g4xx_hal_tim_ex.o(i.HAL_TIMEx_IndexErrorCallback)
    i.HAL_TIMEx_MasterConfigSynchronization  0x08002148   Section        0  stm32g4xx_hal_tim_ex.o(i.HAL_TIMEx_MasterConfigSynchronization)
    i.HAL_TIMEx_TransitionErrorCallback      0x08002220   Section        0  stm32g4xx_hal_tim_ex.o(i.HAL_TIMEx_TransitionErrorCallback)
    i.HAL_TIM_Base_Init                      0x08002222   Section        0  stm32g4xx_hal_tim.o(i.HAL_TIM_Base_Init)
    i.HAL_TIM_Base_MspInit                   0x08002290   Section        0  tim.o(i.HAL_TIM_Base_MspInit)
    i.HAL_TIM_Base_Start                     0x08002374   Section        0  stm32g4xx_hal_tim.o(i.HAL_TIM_Base_Start)
    i.HAL_TIM_ConfigClockSource              0x0800241c   Section        0  stm32g4xx_hal_tim.o(i.HAL_TIM_ConfigClockSource)
    i.HAL_TIM_IC_CaptureCallback             0x08002558   Section        0  main.o(i.HAL_TIM_IC_CaptureCallback)
    i.HAL_TIM_IC_ConfigChannel               0x080025a8   Section        0  stm32g4xx_hal_tim.o(i.HAL_TIM_IC_ConfigChannel)
    i.HAL_TIM_IC_Init                        0x08002686   Section        0  stm32g4xx_hal_tim.o(i.HAL_TIM_IC_Init)
    i.HAL_TIM_IC_MspInit                     0x080026f4   Section        0  stm32g4xx_hal_tim.o(i.HAL_TIM_IC_MspInit)
    i.HAL_TIM_IC_Start_IT                    0x080026f8   Section        0  stm32g4xx_hal_tim.o(i.HAL_TIM_IC_Start_IT)
    i.HAL_TIM_IRQHandler                     0x080028c0   Section        0  stm32g4xx_hal_tim.o(i.HAL_TIM_IRQHandler)
    i.HAL_TIM_OC_DelayElapsedCallback        0x08002ae0   Section        0  stm32g4xx_hal_tim.o(i.HAL_TIM_OC_DelayElapsedCallback)
    i.HAL_TIM_PWM_PulseFinishedCallback      0x08002ae2   Section        0  stm32g4xx_hal_tim.o(i.HAL_TIM_PWM_PulseFinishedCallback)
    i.HAL_TIM_PeriodElapsedCallback          0x08002ae4   Section        0  stm32g4xx_hal_tim.o(i.HAL_TIM_PeriodElapsedCallback)
    i.HAL_TIM_TriggerCallback                0x08002ae6   Section        0  stm32g4xx_hal_tim.o(i.HAL_TIM_TriggerCallback)
    i.HardFault_Handler                      0x08002ae8   Section        0  stm32g4xx_it.o(i.HardFault_Handler)
    i.LL_EXTI_ClearFlag_0_31                 0x08002aec   Section        0  stm32g4xx_hal_comp.o(i.LL_EXTI_ClearFlag_0_31)
    LL_EXTI_ClearFlag_0_31                   0x08002aed   Thumb Code     6  stm32g4xx_hal_comp.o(i.LL_EXTI_ClearFlag_0_31)
    i.LL_EXTI_ClearFlag_32_63                0x08002af8   Section        0  stm32g4xx_hal_comp.o(i.LL_EXTI_ClearFlag_32_63)
    LL_EXTI_ClearFlag_32_63                  0x08002af9   Thumb Code     6  stm32g4xx_hal_comp.o(i.LL_EXTI_ClearFlag_32_63)
    i.LL_EXTI_DisableEvent_0_31              0x08002b04   Section        0  stm32g4xx_hal_comp.o(i.LL_EXTI_DisableEvent_0_31)
    LL_EXTI_DisableEvent_0_31                0x08002b05   Thumb Code    12  stm32g4xx_hal_comp.o(i.LL_EXTI_DisableEvent_0_31)
    i.LL_EXTI_DisableEvent_32_63             0x08002b14   Section        0  stm32g4xx_hal_comp.o(i.LL_EXTI_DisableEvent_32_63)
    LL_EXTI_DisableEvent_32_63               0x08002b15   Thumb Code    12  stm32g4xx_hal_comp.o(i.LL_EXTI_DisableEvent_32_63)
    i.LL_EXTI_DisableIT_0_31                 0x08002b24   Section        0  stm32g4xx_hal_comp.o(i.LL_EXTI_DisableIT_0_31)
    LL_EXTI_DisableIT_0_31                   0x08002b25   Thumb Code    12  stm32g4xx_hal_comp.o(i.LL_EXTI_DisableIT_0_31)
    i.LL_EXTI_DisableIT_32_63                0x08002b34   Section        0  stm32g4xx_hal_comp.o(i.LL_EXTI_DisableIT_32_63)
    LL_EXTI_DisableIT_32_63                  0x08002b35   Thumb Code    12  stm32g4xx_hal_comp.o(i.LL_EXTI_DisableIT_32_63)
    i.MX_COMP1_Init                          0x08002b44   Section        0  comp.o(i.MX_COMP1_Init)
    i.MX_DAC1_Init                           0x08002b80   Section        0  dac.o(i.MX_DAC1_Init)
    i.MX_DAC3_Init                           0x08002bdc   Section        0  dac.o(i.MX_DAC3_Init)
    i.MX_DMA_Init                            0x08002c34   Section        0  dma.o(i.MX_DMA_Init)
    i.MX_GPIO_Init                           0x08002c84   Section        0  gpio.o(i.MX_GPIO_Init)
    i.MX_TIM2_Init                           0x08002cdc   Section        0  tim.o(i.MX_TIM2_Init)
    i.MX_TIM4_Init                           0x08002d48   Section        0  tim.o(i.MX_TIM4_Init)
    i.MemManage_Handler                      0x08002dfc   Section        0  stm32g4xx_it.o(i.MemManage_Handler)
    i.NMI_Handler                            0x08002e00   Section        0  stm32g4xx_it.o(i.NMI_Handler)
    i.PendSV_Handler                         0x08002e04   Section        0  stm32g4xx_it.o(i.PendSV_Handler)
    i.RCC_GetSysClockFreqFromPLLSource       0x08002e08   Section        0  stm32g4xx_hal_rcc.o(i.RCC_GetSysClockFreqFromPLLSource)
    RCC_GetSysClockFreqFromPLLSource         0x08002e09   Thumb Code    90  stm32g4xx_hal_rcc.o(i.RCC_GetSysClockFreqFromPLLSource)
    i.SVC_Handler                            0x08002e70   Section        0  stm32g4xx_it.o(i.SVC_Handler)
    i.SysTick_Handler                        0x08002e72   Section        0  stm32g4xx_it.o(i.SysTick_Handler)
    i.SystemClock_Config                     0x08002e7a   Section        0  main.o(i.SystemClock_Config)
    i.SystemInit                             0x08002ee4   Section        0  system_stm32g4xx.o(i.SystemInit)
    i.TIM4_IRQHandler                        0x08002ef8   Section        0  stm32g4xx_it.o(i.TIM4_IRQHandler)
    i.TIM_Base_SetConfig                     0x08002f08   Section        0  stm32g4xx_hal_tim.o(i.TIM_Base_SetConfig)
    i.TIM_CCxChannelCmd                      0x08002ff8   Section        0  stm32g4xx_hal_tim.o(i.TIM_CCxChannelCmd)
    i.TIM_ETR_SetConfig                      0x0800301a   Section        0  stm32g4xx_hal_tim.o(i.TIM_ETR_SetConfig)
    i.TIM_ITRx_SetConfig                     0x08003030   Section        0  stm32g4xx_hal_tim.o(i.TIM_ITRx_SetConfig)
    TIM_ITRx_SetConfig                       0x08003031   Thumb Code    18  stm32g4xx_hal_tim.o(i.TIM_ITRx_SetConfig)
    i.TIM_TI1_ConfigInputStage               0x08003048   Section        0  stm32g4xx_hal_tim.o(i.TIM_TI1_ConfigInputStage)
    TIM_TI1_ConfigInputStage                 0x08003049   Thumb Code    38  stm32g4xx_hal_tim.o(i.TIM_TI1_ConfigInputStage)
    i.TIM_TI1_SetConfig                      0x08003070   Section        0  stm32g4xx_hal_tim.o(i.TIM_TI1_SetConfig)
    i.TIM_TI2_ConfigInputStage               0x08003100   Section        0  stm32g4xx_hal_tim.o(i.TIM_TI2_ConfigInputStage)
    TIM_TI2_ConfigInputStage                 0x08003101   Thumb Code    40  stm32g4xx_hal_tim.o(i.TIM_TI2_ConfigInputStage)
    i.TIM_TI2_SetConfig                      0x08003128   Section        0  stm32g4xx_hal_tim.o(i.TIM_TI2_SetConfig)
    TIM_TI2_SetConfig                        0x08003129   Thumb Code    58  stm32g4xx_hal_tim.o(i.TIM_TI2_SetConfig)
    i.TIM_TI3_SetConfig                      0x08003162   Section        0  stm32g4xx_hal_tim.o(i.TIM_TI3_SetConfig)
    TIM_TI3_SetConfig                        0x08003163   Thumb Code    56  stm32g4xx_hal_tim.o(i.TIM_TI3_SetConfig)
    i.TIM_TI4_SetConfig                      0x0800319a   Section        0  stm32g4xx_hal_tim.o(i.TIM_TI4_SetConfig)
    TIM_TI4_SetConfig                        0x0800319b   Thumb Code    60  stm32g4xx_hal_tim.o(i.TIM_TI4_SetConfig)
    i.UsageFault_Handler                     0x080031d6   Section        0  stm32g4xx_it.o(i.UsageFault_Handler)
    i.__ARM_fpclassify                       0x080031da   Section        0  fpclassify.o(i.__ARM_fpclassify)
    i.__NVIC_GetPriorityGrouping             0x0800320c   Section        0  stm32g4xx_hal_cortex.o(i.__NVIC_GetPriorityGrouping)
    __NVIC_GetPriorityGrouping               0x0800320d   Thumb Code    10  stm32g4xx_hal_cortex.o(i.__NVIC_GetPriorityGrouping)
    i.__NVIC_SetPriority                     0x0800321c   Section        0  stm32g4xx_hal_cortex.o(i.__NVIC_SetPriority)
    __NVIC_SetPriority                       0x0800321d   Thumb Code    32  stm32g4xx_hal_cortex.o(i.__NVIC_SetPriority)
    i.__hardfp_sin                           0x08003248   Section        0  sin.o(i.__hardfp_sin)
    i.__ieee754_rem_pio2                     0x08003310   Section        0  rred.o(i.__ieee754_rem_pio2)
    i.__kernel_cos                           0x08003748   Section        0  cos_i.o(i.__kernel_cos)
    i.__kernel_poly                          0x080038b8   Section        0  poly.o(i.__kernel_poly)
    i.__kernel_sin                           0x080039b0   Section        0  sin_i.o(i.__kernel_sin)
    i.__mathlib_dbl_infnan                   0x08003ae0   Section        0  dunder.o(i.__mathlib_dbl_infnan)
    i.__mathlib_dbl_invalid                  0x08003af8   Section        0  dunder.o(i.__mathlib_dbl_invalid)
    i.__mathlib_dbl_underflow                0x08003b18   Section        0  dunder.o(i.__mathlib_dbl_underflow)
    i.fabs                                   0x08003b38   Section        0  fabs.o(i.fabs)
    i.main                                   0x08003b50   Section        0  main.o(i.main)
    x$fpl$basic                              0x08003bb0   Section       24  basic.o(x$fpl$basic)
    $v0                                      0x08003bb0   Number         0  basic.o(x$fpl$basic)
    x$fpl$dadd                               0x08003bc8   Section      336  daddsub_clz.o(x$fpl$dadd)
    $v0                                      0x08003bc8   Number         0  daddsub_clz.o(x$fpl$dadd)
    _dadd1                                   0x08003bd9   Thumb Code     0  daddsub_clz.o(x$fpl$dadd)
    x$fpl$ddiv                               0x08003d18   Section      688  ddiv.o(x$fpl$ddiv)
    $v0                                      0x08003d18   Number         0  ddiv.o(x$fpl$ddiv)
    ddiv_entry                               0x08003d1f   Thumb Code     0  ddiv.o(x$fpl$ddiv)
    x$fpl$dfix                               0x08003fc8   Section       94  dfix.o(x$fpl$dfix)
    $v0                                      0x08003fc8   Number         0  dfix.o(x$fpl$dfix)
    x$fpl$dfixu                              0x08004028   Section       90  dfixu.o(x$fpl$dfixu)
    $v0                                      0x08004028   Number         0  dfixu.o(x$fpl$dfixu)
    x$fpl$dflt                               0x08004082   Section       46  dflt_clz.o(x$fpl$dflt)
    $v0                                      0x08004082   Number         0  dflt_clz.o(x$fpl$dflt)
    x$fpl$dfltu                              0x080040b0   Section       38  dflt_clz.o(x$fpl$dfltu)
    $v0                                      0x080040b0   Number         0  dflt_clz.o(x$fpl$dfltu)
    x$fpl$dmul                               0x080040d8   Section      340  dmul.o(x$fpl$dmul)
    $v0                                      0x080040d8   Number         0  dmul.o(x$fpl$dmul)
    x$fpl$dnaninf                            0x0800422c   Section      156  dnaninf.o(x$fpl$dnaninf)
    $v0                                      0x0800422c   Number         0  dnaninf.o(x$fpl$dnaninf)
    x$fpl$dretinf                            0x080042c8   Section       12  dretinf.o(x$fpl$dretinf)
    $v0                                      0x080042c8   Number         0  dretinf.o(x$fpl$dretinf)
    x$fpl$drsb                               0x080042d4   Section       22  daddsub_clz.o(x$fpl$drsb)
    $v0                                      0x080042d4   Number         0  daddsub_clz.o(x$fpl$drsb)
    x$fpl$dsub                               0x080042ec   Section      468  daddsub_clz.o(x$fpl$dsub)
    $v0                                      0x080042ec   Number         0  daddsub_clz.o(x$fpl$dsub)
    _dsub1                                   0x080042fd   Thumb Code     0  daddsub_clz.o(x$fpl$dsub)
    x$fpl$f2d                                0x080044c0   Section       86  f2d.o(x$fpl$f2d)
    $v0                                      0x080044c0   Number         0  f2d.o(x$fpl$f2d)
    x$fpl$fnaninf                            0x08004516   Section      140  fnaninf.o(x$fpl$fnaninf)
    $v0                                      0x08004516   Number         0  fnaninf.o(x$fpl$fnaninf)
    x$fpl$fpinit                             0x080045a2   Section       10  fpinit.o(x$fpl$fpinit)
    $v0                                      0x080045a2   Number         0  fpinit.o(x$fpl$fpinit)
    .constdata                               0x080045ac   Section       24  system_stm32g4xx.o(.constdata)
    x$fpl$usenofp                            0x080045ac   Section        0  usenofp.o(x$fpl$usenofp)
    .constdata                               0x080045c8   Section       48  cos_i.o(.constdata)
    C                                        0x080045c8   Data          48  cos_i.o(.constdata)
    .constdata                               0x080045f8   Section      200  rred.o(.constdata)
    pio2s                                    0x080045f8   Data          48  rred.o(.constdata)
    twooverpi                                0x08004628   Data         152  rred.o(.constdata)
    .constdata                               0x080046c0   Section       40  sin_i.o(.constdata)
    S                                        0x080046c0   Data          40  sin_i.o(.constdata)
    .data                                    0x20000000   Section        4  main.o(.data)
    .data                                    0x20000004   Section       12  stm32g4xx_hal.o(.data)
    .data                                    0x20000010   Section        4  system_stm32g4xx.o(.data)
    .data                                    0x20000014   Section        1  ddac.o(.data)
    .bss                                     0x20000018   Section       36  comp.o(.bss)
    .bss                                     0x2000003c   Section      136  dac.o(.bss)
    .bss                                     0x200000c4   Section      152  tim.o(.bss)
    .bss                                     0x2000015c   Section     2068  ddac.o(.bss)
    .bss                                     0x20000970   Section       96  libspace.o(.bss)
    HEAP                                     0x200009d0   Section      512  startup_stm32g474xx.o(HEAP)
    Heap_Mem                                 0x200009d0   Data         512  startup_stm32g474xx.o(HEAP)
    STACK                                    0x20000bd0   Section     1024  startup_stm32g474xx.o(STACK)
    Stack_Mem                                0x20000bd0   Data        1024  startup_stm32g474xx.o(STACK)
    __initial_sp                             0x20000fd0   Data           0  startup_stm32g474xx.o(STACK)

    Global Symbols

    Symbol Name                              Value     Ov Type        Size  Object(Section)

    BuildAttributes$$THM_ISAv4$E$P$D$K$B$S$7EM$VFPi3$EXTD16$VFPS$VFMA$PE$A:L22UL41UL21$X:L11$S22US41US21$IEEE1$IW$USESV6$~STKCKD$USESV7$~SHL$OTIME$ROPI$IEEEX$EBA8$UX$STANDARDLIB$REQ8$PRES8$EABIv2 0x00000000   Number         0  anon$$obj.o ABSOLUTE
    __ARM_use_no_argv                        0x00000000   Number         0  main.o ABSOLUTE
    __ARM_exceptions_init                     - Undefined Weak Reference
    __alloca_initialize                       - Undefined Weak Reference
    __arm_fini_                               - Undefined Weak Reference
    __arm_preinit_                            - Undefined Weak Reference
    __cpp_initialize__aeabi_                  - Undefined Weak Reference
    __cxa_finalize                            - Undefined Weak Reference
    __rt_locale                               - Undefined Weak Reference
    __sigvec_lookup                           - Undefined Weak Reference
    _atexit_init                              - Undefined Weak Reference
    _call_atexit_fns                          - Undefined Weak Reference
    _clock_init                               - Undefined Weak Reference
    _fp_trap_init                             - Undefined Weak Reference
    _fp_trap_shutdown                         - Undefined Weak Reference
    _get_lc_collate                           - Undefined Weak Reference
    _get_lc_ctype                             - Undefined Weak Reference
    _get_lc_monetary                          - Undefined Weak Reference
    _get_lc_numeric                           - Undefined Weak Reference
    _get_lc_time                              - Undefined Weak Reference
    _getenv_init                              - Undefined Weak Reference
    _handle_redirection                       - Undefined Weak Reference
    _init_alloc                               - Undefined Weak Reference
    _init_user_alloc                          - Undefined Weak Reference
    _initio                                   - Undefined Weak Reference
    _rand_init                                - Undefined Weak Reference
    _signal_finish                            - Undefined Weak Reference
    _signal_init                              - Undefined Weak Reference
    _terminate_alloc                          - Undefined Weak Reference
    _terminate_user_alloc                     - Undefined Weak Reference
    _terminateio                              - Undefined Weak Reference
    __Vectors_Size                           0x000001d8   Number         0  startup_stm32g474xx.o ABSOLUTE
    __Vectors                                0x08000000   Data           4  startup_stm32g474xx.o(RESET)
    __Vectors_End                            0x080001d8   Data           0  startup_stm32g474xx.o(RESET)
    __main                                   0x080001d9   Thumb Code     8  __main.o(!!!main)
    __scatterload                            0x080001e1   Thumb Code     0  __scatter.o(!!!scatter)
    __scatterload_rt2                        0x080001e1   Thumb Code    44  __scatter.o(!!!scatter)
    __scatterload_rt2_thumb_only             0x080001e1   Thumb Code     0  __scatter.o(!!!scatter)
    __scatterload_null                       0x080001ef   Thumb Code     0  __scatter.o(!!!scatter)
    __scatterload_copy                       0x08000215   Thumb Code    26  __scatter_copy.o(!!handler_copy)
    __scatterload_zeroinit                   0x08000231   Thumb Code    28  __scatter_zi.o(!!handler_zi)
    __rt_lib_init                            0x0800024d   Thumb Code     0  libinit.o(.ARM.Collect$$libinit$$00000000)
    __rt_lib_init_fp_1                       0x0800024f   Thumb Code     0  libinit2.o(.ARM.Collect$$libinit$$00000001)
    __rt_lib_init_alloca_1                   0x08000253   Thumb Code     0  libinit2.o(.ARM.Collect$$libinit$$0000002E)
    __rt_lib_init_argv_1                     0x08000253   Thumb Code     0  libinit2.o(.ARM.Collect$$libinit$$0000002C)
    __rt_lib_init_atexit_1                   0x08000253   Thumb Code     0  libinit2.o(.ARM.Collect$$libinit$$0000001B)
    __rt_lib_init_clock_1                    0x08000253   Thumb Code     0  libinit2.o(.ARM.Collect$$libinit$$00000021)
    __rt_lib_init_cpp_1                      0x08000253   Thumb Code     0  libinit2.o(.ARM.Collect$$libinit$$00000032)
    __rt_lib_init_exceptions_1               0x08000253   Thumb Code     0  libinit2.o(.ARM.Collect$$libinit$$00000030)
    __rt_lib_init_fp_trap_1                  0x08000253   Thumb Code     0  libinit2.o(.ARM.Collect$$libinit$$0000001F)
    __rt_lib_init_getenv_1                   0x08000253   Thumb Code     0  libinit2.o(.ARM.Collect$$libinit$$00000023)
    __rt_lib_init_heap_1                     0x08000253   Thumb Code     0  libinit2.o(.ARM.Collect$$libinit$$0000000A)
    __rt_lib_init_lc_collate_1               0x08000253   Thumb Code     0  libinit2.o(.ARM.Collect$$libinit$$00000011)
    __rt_lib_init_lc_ctype_1                 0x08000253   Thumb Code     0  libinit2.o(.ARM.Collect$$libinit$$00000013)
    __rt_lib_init_lc_monetary_1              0x08000253   Thumb Code     0  libinit2.o(.ARM.Collect$$libinit$$00000015)
    __rt_lib_init_lc_numeric_1               0x08000253   Thumb Code     0  libinit2.o(.ARM.Collect$$libinit$$00000017)
    __rt_lib_init_lc_time_1                  0x08000253   Thumb Code     0  libinit2.o(.ARM.Collect$$libinit$$00000019)
    __rt_lib_init_preinit_1                  0x08000253   Thumb Code     0  libinit2.o(.ARM.Collect$$libinit$$00000004)
    __rt_lib_init_rand_1                     0x08000253   Thumb Code     0  libinit2.o(.ARM.Collect$$libinit$$0000000E)
    __rt_lib_init_return                     0x08000253   Thumb Code     0  libinit2.o(.ARM.Collect$$libinit$$00000033)
    __rt_lib_init_signal_1                   0x08000253   Thumb Code     0  libinit2.o(.ARM.Collect$$libinit$$0000001D)
    __rt_lib_init_stdio_1                    0x08000253   Thumb Code     0  libinit2.o(.ARM.Collect$$libinit$$00000025)
    __rt_lib_init_user_alloc_1               0x08000253   Thumb Code     0  libinit2.o(.ARM.Collect$$libinit$$0000000C)
    __rt_lib_shutdown                        0x08000255   Thumb Code     0  libshutdown.o(.ARM.Collect$$libshutdown$$00000000)
    __rt_lib_shutdown_cpp_1                  0x08000257   Thumb Code     0  libshutdown2.o(.ARM.Collect$$libshutdown$$00000004)
    __rt_lib_shutdown_fini_1                 0x08000257   Thumb Code     0  libshutdown2.o(.ARM.Collect$$libshutdown$$00000002)
    __rt_lib_shutdown_fp_trap_1              0x08000257   Thumb Code     0  libshutdown2.o(.ARM.Collect$$libshutdown$$00000009)
    __rt_lib_shutdown_heap_1                 0x08000257   Thumb Code     0  libshutdown2.o(.ARM.Collect$$libshutdown$$00000011)
    __rt_lib_shutdown_return                 0x08000257   Thumb Code     0  libshutdown2.o(.ARM.Collect$$libshutdown$$00000012)
    __rt_lib_shutdown_signal_1               0x08000257   Thumb Code     0  libshutdown2.o(.ARM.Collect$$libshutdown$$0000000C)
    __rt_lib_shutdown_stdio_1                0x08000257   Thumb Code     0  libshutdown2.o(.ARM.Collect$$libshutdown$$00000006)
    __rt_lib_shutdown_user_alloc_1           0x08000257   Thumb Code     0  libshutdown2.o(.ARM.Collect$$libshutdown$$0000000E)
    __rt_entry                               0x08000259   Thumb Code     0  __rtentry.o(.ARM.Collect$$rtentry$$00000000)
    __rt_entry_presh_1                       0x08000259   Thumb Code     0  __rtentry2.o(.ARM.Collect$$rtentry$$00000002)
    __rt_entry_sh                            0x08000259   Thumb Code     0  __rtentry4.o(.ARM.Collect$$rtentry$$00000004)
    __rt_entry_li                            0x0800025f   Thumb Code     0  __rtentry2.o(.ARM.Collect$$rtentry$$0000000A)
    __rt_entry_postsh_1                      0x0800025f   Thumb Code     0  __rtentry2.o(.ARM.Collect$$rtentry$$00000009)
    __rt_entry_main                          0x08000263   Thumb Code     0  __rtentry2.o(.ARM.Collect$$rtentry$$0000000D)
    __rt_entry_postli_1                      0x08000263   Thumb Code     0  __rtentry2.o(.ARM.Collect$$rtentry$$0000000C)
    __rt_exit                                0x0800026b   Thumb Code     0  rtexit.o(.ARM.Collect$$rtexit$$00000000)
    __rt_exit_ls                             0x0800026d   Thumb Code     0  rtexit2.o(.ARM.Collect$$rtexit$$00000003)
    __rt_exit_prels_1                        0x0800026d   Thumb Code     0  rtexit2.o(.ARM.Collect$$rtexit$$00000002)
    __rt_exit_exit                           0x08000271   Thumb Code     0  rtexit2.o(.ARM.Collect$$rtexit$$00000004)
    Reset_Handler                            0x08000279   Thumb Code     8  startup_stm32g474xx.o(.text)
    ADC1_2_IRQHandler                        0x08000293   Thumb Code     0  startup_stm32g474xx.o(.text)
    ADC3_IRQHandler                          0x08000293   Thumb Code     0  startup_stm32g474xx.o(.text)
    ADC4_IRQHandler                          0x08000293   Thumb Code     0  startup_stm32g474xx.o(.text)
    ADC5_IRQHandler                          0x08000293   Thumb Code     0  startup_stm32g474xx.o(.text)
    COMP1_2_3_IRQHandler                     0x08000293   Thumb Code     0  startup_stm32g474xx.o(.text)
    COMP4_5_6_IRQHandler                     0x08000293   Thumb Code     0  startup_stm32g474xx.o(.text)
    COMP7_IRQHandler                         0x08000293   Thumb Code     0  startup_stm32g474xx.o(.text)
    CORDIC_IRQHandler                        0x08000293   Thumb Code     0  startup_stm32g474xx.o(.text)
    CRS_IRQHandler                           0x08000293   Thumb Code     0  startup_stm32g474xx.o(.text)
    DMA1_Channel2_IRQHandler                 0x08000293   Thumb Code     0  startup_stm32g474xx.o(.text)
    DMA1_Channel3_IRQHandler                 0x08000293   Thumb Code     0  startup_stm32g474xx.o(.text)
    DMA1_Channel4_IRQHandler                 0x08000293   Thumb Code     0  startup_stm32g474xx.o(.text)
    DMA1_Channel5_IRQHandler                 0x08000293   Thumb Code     0  startup_stm32g474xx.o(.text)
    DMA1_Channel6_IRQHandler                 0x08000293   Thumb Code     0  startup_stm32g474xx.o(.text)
    DMA1_Channel7_IRQHandler                 0x08000293   Thumb Code     0  startup_stm32g474xx.o(.text)
    DMA1_Channel8_IRQHandler                 0x08000293   Thumb Code     0  startup_stm32g474xx.o(.text)
    DMA2_Channel1_IRQHandler                 0x08000293   Thumb Code     0  startup_stm32g474xx.o(.text)
    DMA2_Channel2_IRQHandler                 0x08000293   Thumb Code     0  startup_stm32g474xx.o(.text)
    DMA2_Channel3_IRQHandler                 0x08000293   Thumb Code     0  startup_stm32g474xx.o(.text)
    DMA2_Channel4_IRQHandler                 0x08000293   Thumb Code     0  startup_stm32g474xx.o(.text)
    DMA2_Channel5_IRQHandler                 0x08000293   Thumb Code     0  startup_stm32g474xx.o(.text)
    DMA2_Channel6_IRQHandler                 0x08000293   Thumb Code     0  startup_stm32g474xx.o(.text)
    DMA2_Channel7_IRQHandler                 0x08000293   Thumb Code     0  startup_stm32g474xx.o(.text)
    DMA2_Channel8_IRQHandler                 0x08000293   Thumb Code     0  startup_stm32g474xx.o(.text)
    DMAMUX_OVR_IRQHandler                    0x08000293   Thumb Code     0  startup_stm32g474xx.o(.text)
    EXTI0_IRQHandler                         0x08000293   Thumb Code     0  startup_stm32g474xx.o(.text)
    EXTI15_10_IRQHandler                     0x08000293   Thumb Code     0  startup_stm32g474xx.o(.text)
    EXTI1_IRQHandler                         0x08000293   Thumb Code     0  startup_stm32g474xx.o(.text)
    EXTI2_IRQHandler                         0x08000293   Thumb Code     0  startup_stm32g474xx.o(.text)
    EXTI3_IRQHandler                         0x08000293   Thumb Code     0  startup_stm32g474xx.o(.text)
    EXTI4_IRQHandler                         0x08000293   Thumb Code     0  startup_stm32g474xx.o(.text)
    EXTI9_5_IRQHandler                       0x08000293   Thumb Code     0  startup_stm32g474xx.o(.text)
    FDCAN1_IT0_IRQHandler                    0x08000293   Thumb Code     0  startup_stm32g474xx.o(.text)
    FDCAN1_IT1_IRQHandler                    0x08000293   Thumb Code     0  startup_stm32g474xx.o(.text)
    FDCAN2_IT0_IRQHandler                    0x08000293   Thumb Code     0  startup_stm32g474xx.o(.text)
    FDCAN2_IT1_IRQHandler                    0x08000293   Thumb Code     0  startup_stm32g474xx.o(.text)
    FDCAN3_IT0_IRQHandler                    0x08000293   Thumb Code     0  startup_stm32g474xx.o(.text)
    FDCAN3_IT1_IRQHandler                    0x08000293   Thumb Code     0  startup_stm32g474xx.o(.text)
    FLASH_IRQHandler                         0x08000293   Thumb Code     0  startup_stm32g474xx.o(.text)
    FMAC_IRQHandler                          0x08000293   Thumb Code     0  startup_stm32g474xx.o(.text)
    FMC_IRQHandler                           0x08000293   Thumb Code     0  startup_stm32g474xx.o(.text)
    FPU_IRQHandler                           0x08000293   Thumb Code     0  startup_stm32g474xx.o(.text)
    HRTIM1_FLT_IRQHandler                    0x08000293   Thumb Code     0  startup_stm32g474xx.o(.text)
    HRTIM1_Master_IRQHandler                 0x08000293   Thumb Code     0  startup_stm32g474xx.o(.text)
    HRTIM1_TIMA_IRQHandler                   0x08000293   Thumb Code     0  startup_stm32g474xx.o(.text)
    HRTIM1_TIMB_IRQHandler                   0x08000293   Thumb Code     0  startup_stm32g474xx.o(.text)
    HRTIM1_TIMC_IRQHandler                   0x08000293   Thumb Code     0  startup_stm32g474xx.o(.text)
    HRTIM1_TIMD_IRQHandler                   0x08000293   Thumb Code     0  startup_stm32g474xx.o(.text)
    HRTIM1_TIME_IRQHandler                   0x08000293   Thumb Code     0  startup_stm32g474xx.o(.text)
    HRTIM1_TIMF_IRQHandler                   0x08000293   Thumb Code     0  startup_stm32g474xx.o(.text)
    I2C1_ER_IRQHandler                       0x08000293   Thumb Code     0  startup_stm32g474xx.o(.text)
    I2C1_EV_IRQHandler                       0x08000293   Thumb Code     0  startup_stm32g474xx.o(.text)
    I2C2_ER_IRQHandler                       0x08000293   Thumb Code     0  startup_stm32g474xx.o(.text)
    I2C2_EV_IRQHandler                       0x08000293   Thumb Code     0  startup_stm32g474xx.o(.text)
    I2C3_ER_IRQHandler                       0x08000293   Thumb Code     0  startup_stm32g474xx.o(.text)
    I2C3_EV_IRQHandler                       0x08000293   Thumb Code     0  startup_stm32g474xx.o(.text)
    I2C4_ER_IRQHandler                       0x08000293   Thumb Code     0  startup_stm32g474xx.o(.text)
    I2C4_EV_IRQHandler                       0x08000293   Thumb Code     0  startup_stm32g474xx.o(.text)
    LPTIM1_IRQHandler                        0x08000293   Thumb Code     0  startup_stm32g474xx.o(.text)
    LPUART1_IRQHandler                       0x08000293   Thumb Code     0  startup_stm32g474xx.o(.text)
    PVD_PVM_IRQHandler                       0x08000293   Thumb Code     0  startup_stm32g474xx.o(.text)
    QUADSPI_IRQHandler                       0x08000293   Thumb Code     0  startup_stm32g474xx.o(.text)
    RCC_IRQHandler                           0x08000293   Thumb Code     0  startup_stm32g474xx.o(.text)
    RNG_IRQHandler                           0x08000293   Thumb Code     0  startup_stm32g474xx.o(.text)
    RTC_Alarm_IRQHandler                     0x08000293   Thumb Code     0  startup_stm32g474xx.o(.text)
    RTC_TAMP_LSECSS_IRQHandler               0x08000293   Thumb Code     0  startup_stm32g474xx.o(.text)
    RTC_WKUP_IRQHandler                      0x08000293   Thumb Code     0  startup_stm32g474xx.o(.text)
    SAI1_IRQHandler                          0x08000293   Thumb Code     0  startup_stm32g474xx.o(.text)
    SPI1_IRQHandler                          0x08000293   Thumb Code     0  startup_stm32g474xx.o(.text)
    SPI2_IRQHandler                          0x08000293   Thumb Code     0  startup_stm32g474xx.o(.text)
    SPI3_IRQHandler                          0x08000293   Thumb Code     0  startup_stm32g474xx.o(.text)
    SPI4_IRQHandler                          0x08000293   Thumb Code     0  startup_stm32g474xx.o(.text)
    TIM1_BRK_TIM15_IRQHandler                0x08000293   Thumb Code     0  startup_stm32g474xx.o(.text)
    TIM1_CC_IRQHandler                       0x08000293   Thumb Code     0  startup_stm32g474xx.o(.text)
    TIM1_TRG_COM_TIM17_IRQHandler            0x08000293   Thumb Code     0  startup_stm32g474xx.o(.text)
    TIM1_UP_TIM16_IRQHandler                 0x08000293   Thumb Code     0  startup_stm32g474xx.o(.text)
    TIM20_BRK_IRQHandler                     0x08000293   Thumb Code     0  startup_stm32g474xx.o(.text)
    TIM20_CC_IRQHandler                      0x08000293   Thumb Code     0  startup_stm32g474xx.o(.text)
    TIM20_TRG_COM_IRQHandler                 0x08000293   Thumb Code     0  startup_stm32g474xx.o(.text)
    TIM20_UP_IRQHandler                      0x08000293   Thumb Code     0  startup_stm32g474xx.o(.text)
    TIM2_IRQHandler                          0x08000293   Thumb Code     0  startup_stm32g474xx.o(.text)
    TIM3_IRQHandler                          0x08000293   Thumb Code     0  startup_stm32g474xx.o(.text)
    TIM5_IRQHandler                          0x08000293   Thumb Code     0  startup_stm32g474xx.o(.text)
    TIM6_DAC_IRQHandler                      0x08000293   Thumb Code     0  startup_stm32g474xx.o(.text)
    TIM7_DAC_IRQHandler                      0x08000293   Thumb Code     0  startup_stm32g474xx.o(.text)
    TIM8_BRK_IRQHandler                      0x08000293   Thumb Code     0  startup_stm32g474xx.o(.text)
    TIM8_CC_IRQHandler                       0x08000293   Thumb Code     0  startup_stm32g474xx.o(.text)
    TIM8_TRG_COM_IRQHandler                  0x08000293   Thumb Code     0  startup_stm32g474xx.o(.text)
    TIM8_UP_IRQHandler                       0x08000293   Thumb Code     0  startup_stm32g474xx.o(.text)
    UART4_IRQHandler                         0x08000293   Thumb Code     0  startup_stm32g474xx.o(.text)
    UART5_IRQHandler                         0x08000293   Thumb Code     0  startup_stm32g474xx.o(.text)
    UCPD1_IRQHandler                         0x08000293   Thumb Code     0  startup_stm32g474xx.o(.text)
    USART1_IRQHandler                        0x08000293   Thumb Code     0  startup_stm32g474xx.o(.text)
    USART2_IRQHandler                        0x08000293   Thumb Code     0  startup_stm32g474xx.o(.text)
    USART3_IRQHandler                        0x08000293   Thumb Code     0  startup_stm32g474xx.o(.text)
    USBWakeUp_IRQHandler                     0x08000293   Thumb Code     0  startup_stm32g474xx.o(.text)
    USB_HP_IRQHandler                        0x08000293   Thumb Code     0  startup_stm32g474xx.o(.text)
    USB_LP_IRQHandler                        0x08000293   Thumb Code     0  startup_stm32g474xx.o(.text)
    WWDG_IRQHandler                          0x08000293   Thumb Code     0  startup_stm32g474xx.o(.text)
    __user_initial_stackheap                 0x08000295   Thumb Code     0  startup_stm32g474xx.o(.text)
    __aeabi_memclr                           0x080002b9   Thumb Code     0  rt_memclr.o(.text)
    __rt_memclr                              0x080002b9   Thumb Code    68  rt_memclr.o(.text)
    _memset                                  0x080002bd   Thumb Code     0  rt_memclr.o(.text)
    __aeabi_memclr4                          0x080002fd   Thumb Code     0  rt_memclr_w.o(.text)
    __aeabi_memclr8                          0x080002fd   Thumb Code     0  rt_memclr_w.o(.text)
    __rt_memclr_w                            0x080002fd   Thumb Code    78  rt_memclr_w.o(.text)
    _memset_w                                0x08000301   Thumb Code     0  rt_memclr_w.o(.text)
    __use_two_region_memory                  0x0800034b   Thumb Code     2  heapauxi.o(.text)
    __rt_heap_escrow$2region                 0x0800034d   Thumb Code     2  heapauxi.o(.text)
    __rt_heap_expand$2region                 0x0800034f   Thumb Code     2  heapauxi.o(.text)
    __read_errno                             0x08000351   Thumb Code    10  _rserrno.o(.text)
    __set_errno                              0x0800035b   Thumb Code    12  _rserrno.o(.text)
    __aeabi_errno_addr                       0x08000369   Thumb Code     8  rt_errno_addr_intlibspace.o(.text)
    __errno$intlibspace                      0x08000369   Thumb Code     0  rt_errno_addr_intlibspace.o(.text)
    __rt_errno_addr$intlibspace              0x08000369   Thumb Code     0  rt_errno_addr_intlibspace.o(.text)
    __user_libspace                          0x08000371   Thumb Code     8  libspace.o(.text)
    __user_perproc_libspace                  0x08000371   Thumb Code     0  libspace.o(.text)
    __user_perthread_libspace                0x08000371   Thumb Code     0  libspace.o(.text)
    __user_setup_stackheap                   0x08000379   Thumb Code    74  sys_stackheap_outer.o(.text)
    exit                                     0x080003c3   Thumb Code    18  exit.o(.text)
    _sys_exit                                0x080003d5   Thumb Code     8  sys_exit.o(.text)
    __I$use$semihosting                      0x080003e1   Thumb Code     0  use_no_semi.o(.text)
    __use_no_semihosting_swi                 0x080003e1   Thumb Code     2  use_no_semi.o(.text)
    BusFault_Handler                         0x080003e3   Thumb Code     4  stm32g4xx_it.o(i.BusFault_Handler)
    __semihosting_library_function           0x080003e3   Thumb Code     0  indicate_semi.o(.text)
    DAC_DMAConvCpltCh1                       0x080003e7   Thumb Code    18  stm32g4xx_hal_dac.o(i.DAC_DMAConvCpltCh1)
    DAC_DMAConvCpltCh2                       0x080003f9   Thumb Code    18  stm32g4xx_hal_dac_ex.o(i.DAC_DMAConvCpltCh2)
    DAC_DMAErrorCh1                          0x0800040b   Thumb Code    26  stm32g4xx_hal_dac.o(i.DAC_DMAErrorCh1)
    DAC_DMAErrorCh2                          0x08000425   Thumb Code    26  stm32g4xx_hal_dac_ex.o(i.DAC_DMAErrorCh2)
    DAC_DMAHalfConvCpltCh1                   0x0800043f   Thumb Code    14  stm32g4xx_hal_dac.o(i.DAC_DMAHalfConvCpltCh1)
    DAC_DMAHalfConvCpltCh2                   0x0800044d   Thumb Code    14  stm32g4xx_hal_dac_ex.o(i.DAC_DMAHalfConvCpltCh2)
    DDS_GenerateWaveTable                    0x0800045d   Thumb Code   132  ddac.o(i.DDS_GenerateWaveTable)
    DDS_Init                                 0x08000501   Thumb Code    58  ddac.o(i.DDS_Init)
    DDS_REStart                              0x08000541   Thumb Code    70  ddac.o(i.DDS_REStart)
    DDS_SetFrequency                         0x08000591   Thumb Code   112  ddac.o(i.DDS_SetFrequency)
    DDS_SetInitialPhase                      0x0800060d   Thumb Code    50  ddac.o(i.DDS_SetInitialPhase)
    DDS_Start                                0x08000651   Thumb Code    76  ddac.o(i.DDS_Start)
    DDS_UpdateBuffer                         0x080006a9   Thumb Code    54  ddac.o(i.DDS_UpdateBuffer)
    DMA1_Channel1_IRQHandler                 0x080006e1   Thumb Code    10  stm32g4xx_it.o(i.DMA1_Channel1_IRQHandler)
    DebugMon_Handler                         0x08000799   Thumb Code     2  stm32g4xx_it.o(i.DebugMon_Handler)
    Error_Handler                            0x0800079b   Thumb Code     6  main.o(i.Error_Handler)
    HAL_COMP_Init                            0x080007a1   Thumb Code   798  stm32g4xx_hal_comp.o(i.HAL_COMP_Init)
    HAL_COMP_MspInit                         0x08000ad5   Thumb Code   104  comp.o(i.HAL_COMP_MspInit)
    HAL_COMP_Start                           0x08000b45   Thumb Code    92  stm32g4xx_hal_comp.o(i.HAL_COMP_Start)
    HAL_DACEx_ConvCpltCallbackCh2            0x08000ba9   Thumb Code     2  stm32g4xx_hal_dac_ex.o(i.HAL_DACEx_ConvCpltCallbackCh2)
    HAL_DACEx_ConvHalfCpltCallbackCh2        0x08000bab   Thumb Code     2  stm32g4xx_hal_dac_ex.o(i.HAL_DACEx_ConvHalfCpltCallbackCh2)
    HAL_DACEx_ErrorCallbackCh2               0x08000bad   Thumb Code     2  stm32g4xx_hal_dac_ex.o(i.HAL_DACEx_ErrorCallbackCh2)
    HAL_DAC_ConfigChannel                    0x08000bb1   Thumb Code   606  stm32g4xx_hal_dac.o(i.HAL_DAC_ConfigChannel)
    HAL_DAC_ConvCpltCallbackCh1              0x08000e19   Thumb Code    38  ddac.o(i.HAL_DAC_ConvCpltCallbackCh1)
    HAL_DAC_ConvHalfCpltCallbackCh1          0x08000e49   Thumb Code     2  stm32g4xx_hal_dac.o(i.HAL_DAC_ConvHalfCpltCallbackCh1)
    HAL_DAC_ErrorCallbackCh1                 0x08000e4b   Thumb Code     2  stm32g4xx_hal_dac.o(i.HAL_DAC_ErrorCallbackCh1)
    HAL_DAC_Init                             0x08000e4d   Thumb Code    40  stm32g4xx_hal_dac.o(i.HAL_DAC_Init)
    HAL_DAC_MspInit                          0x08000e75   Thumb Code   198  dac.o(i.HAL_DAC_MspInit)
    HAL_DAC_Start_DMA                        0x08000f51   Thumb Code   314  stm32g4xx_hal_dac.o(i.HAL_DAC_Start_DMA)
    HAL_DAC_Stop_DMA                         0x080010ad   Thumb Code    98  stm32g4xx_hal_dac.o(i.HAL_DAC_Stop_DMA)
    HAL_DMA_Abort                            0x0800110f   Thumb Code   118  stm32g4xx_hal_dma.o(i.HAL_DMA_Abort)
    HAL_DMA_IRQHandler                       0x08001185   Thumb Code   254  stm32g4xx_hal_dma.o(i.HAL_DMA_IRQHandler)
    HAL_DMA_Init                             0x08001285   Thumb Code   200  stm32g4xx_hal_dma.o(i.HAL_DMA_Init)
    HAL_DMA_Start_IT                         0x08001355   Thumb Code   194  stm32g4xx_hal_dma.o(i.HAL_DMA_Start_IT)
    HAL_Delay                                0x08001419   Thumb Code    36  stm32g4xx_hal.o(i.HAL_Delay)
    HAL_GPIO_Init                            0x08001441   Thumb Code   428  stm32g4xx_hal_gpio.o(i.HAL_GPIO_Init)
    HAL_GetTick                              0x0800160d   Thumb Code     6  stm32g4xx_hal.o(i.HAL_GetTick)
    HAL_IncTick                              0x08001619   Thumb Code    16  stm32g4xx_hal.o(i.HAL_IncTick)
    HAL_Init                                 0x08001631   Thumb Code    30  stm32g4xx_hal.o(i.HAL_Init)
    HAL_InitTick                             0x08001651   Thumb Code    74  stm32g4xx_hal.o(i.HAL_InitTick)
    HAL_MspInit                              0x080016a9   Thumb Code    62  stm32g4xx_hal_msp.o(i.HAL_MspInit)
    HAL_NVIC_EnableIRQ                       0x080016ed   Thumb Code    40  stm32g4xx_hal_cortex.o(i.HAL_NVIC_EnableIRQ)
    HAL_NVIC_SetPriority                     0x08001715   Thumb Code   122  stm32g4xx_hal_cortex.o(i.HAL_NVIC_SetPriority)
    HAL_NVIC_SetPriorityGrouping             0x08001791   Thumb Code    32  stm32g4xx_hal_cortex.o(i.HAL_NVIC_SetPriorityGrouping)
    HAL_PWREx_ControlVoltageScaling          0x080017b9   Thumb Code   268  stm32g4xx_hal_pwr_ex.o(i.HAL_PWREx_ControlVoltageScaling)
    HAL_PWREx_DisableUCPDDeadBattery         0x080018d1   Thumb Code    14  stm32g4xx_hal_pwr_ex.o(i.HAL_PWREx_DisableUCPDDeadBattery)
    HAL_RCC_ClockConfig                      0x080018e5   Thumb Code   522  stm32g4xx_hal_rcc.o(i.HAL_RCC_ClockConfig)
    HAL_RCC_GetHCLKFreq                      0x08001b09   Thumb Code     6  stm32g4xx_hal_rcc.o(i.HAL_RCC_GetHCLKFreq)
    HAL_RCC_GetSysClockFreq                  0x08001b15   Thumb Code   138  stm32g4xx_hal_rcc.o(i.HAL_RCC_GetSysClockFreq)
    HAL_RCC_OscConfig                        0x08001bad   Thumb Code  1360  stm32g4xx_hal_rcc.o(i.HAL_RCC_OscConfig)
    HAL_SYSTICK_Config                       0x08002109   Thumb Code    52  stm32g4xx_hal_cortex.o(i.HAL_SYSTICK_Config)
    HAL_TIMEx_Break2Callback                 0x0800213d   Thumb Code     2  stm32g4xx_hal_tim_ex.o(i.HAL_TIMEx_Break2Callback)
    HAL_TIMEx_BreakCallback                  0x0800213f   Thumb Code     2  stm32g4xx_hal_tim_ex.o(i.HAL_TIMEx_BreakCallback)
    HAL_TIMEx_CommutCallback                 0x08002141   Thumb Code     2  stm32g4xx_hal_tim_ex.o(i.HAL_TIMEx_CommutCallback)
    HAL_TIMEx_DirectionChangeCallback        0x08002143   Thumb Code     2  stm32g4xx_hal_tim_ex.o(i.HAL_TIMEx_DirectionChangeCallback)
    HAL_TIMEx_EncoderIndexCallback           0x08002145   Thumb Code     2  stm32g4xx_hal_tim_ex.o(i.HAL_TIMEx_EncoderIndexCallback)
    HAL_TIMEx_IndexErrorCallback             0x08002147   Thumb Code     2  stm32g4xx_hal_tim_ex.o(i.HAL_TIMEx_IndexErrorCallback)
    HAL_TIMEx_MasterConfigSynchronization    0x08002149   Thumb Code   182  stm32g4xx_hal_tim_ex.o(i.HAL_TIMEx_MasterConfigSynchronization)
    HAL_TIMEx_TransitionErrorCallback        0x08002221   Thumb Code     2  stm32g4xx_hal_tim_ex.o(i.HAL_TIMEx_TransitionErrorCallback)
    HAL_TIM_Base_Init                        0x08002223   Thumb Code   110  stm32g4xx_hal_tim.o(i.HAL_TIM_Base_Init)
    HAL_TIM_Base_MspInit                     0x08002291   Thumb Code   214  tim.o(i.HAL_TIM_Base_MspInit)
    HAL_TIM_Base_Start                       0x08002375   Thumb Code   134  stm32g4xx_hal_tim.o(i.HAL_TIM_Base_Start)
    HAL_TIM_ConfigClockSource                0x0800241d   Thumb Code   312  stm32g4xx_hal_tim.o(i.HAL_TIM_ConfigClockSource)
    HAL_TIM_IC_CaptureCallback               0x08002559   Thumb Code    68  main.o(i.HAL_TIM_IC_CaptureCallback)
    HAL_TIM_IC_ConfigChannel                 0x080025a9   Thumb Code   222  stm32g4xx_hal_tim.o(i.HAL_TIM_IC_ConfigChannel)
    HAL_TIM_IC_Init                          0x08002687   Thumb Code   110  stm32g4xx_hal_tim.o(i.HAL_TIM_IC_Init)
    HAL_TIM_IC_MspInit                       0x080026f5   Thumb Code     2  stm32g4xx_hal_tim.o(i.HAL_TIM_IC_MspInit)
    HAL_TIM_IC_Start_IT                      0x080026f9   Thumb Code   424  stm32g4xx_hal_tim.o(i.HAL_TIM_IC_Start_IT)
    HAL_TIM_IRQHandler                       0x080028c1   Thumb Code   544  stm32g4xx_hal_tim.o(i.HAL_TIM_IRQHandler)
    HAL_TIM_OC_DelayElapsedCallback          0x08002ae1   Thumb Code     2  stm32g4xx_hal_tim.o(i.HAL_TIM_OC_DelayElapsedCallback)
    HAL_TIM_PWM_PulseFinishedCallback        0x08002ae3   Thumb Code     2  stm32g4xx_hal_tim.o(i.HAL_TIM_PWM_PulseFinishedCallback)
    HAL_TIM_PeriodElapsedCallback            0x08002ae5   Thumb Code     2  stm32g4xx_hal_tim.o(i.HAL_TIM_PeriodElapsedCallback)
    HAL_TIM_TriggerCallback                  0x08002ae7   Thumb Code     2  stm32g4xx_hal_tim.o(i.HAL_TIM_TriggerCallback)
    HardFault_Handler                        0x08002ae9   Thumb Code     4  stm32g4xx_it.o(i.HardFault_Handler)
    MX_COMP1_Init                            0x08002b45   Thumb Code    48  comp.o(i.MX_COMP1_Init)
    MX_DAC1_Init                             0x08002b81   Thumb Code    84  dac.o(i.MX_DAC1_Init)
    MX_DAC3_Init                             0x08002bdd   Thumb Code    80  dac.o(i.MX_DAC3_Init)
    MX_DMA_Init                              0x08002c35   Thumb Code    74  dma.o(i.MX_DMA_Init)
    MX_GPIO_Init                             0x08002c85   Thumb Code    84  gpio.o(i.MX_GPIO_Init)
    MX_TIM2_Init                             0x08002cdd   Thumb Code   104  tim.o(i.MX_TIM2_Init)
    MX_TIM4_Init                             0x08002d49   Thumb Code   172  tim.o(i.MX_TIM4_Init)
    MemManage_Handler                        0x08002dfd   Thumb Code     4  stm32g4xx_it.o(i.MemManage_Handler)
    NMI_Handler                              0x08002e01   Thumb Code     4  stm32g4xx_it.o(i.NMI_Handler)
    PendSV_Handler                           0x08002e05   Thumb Code     2  stm32g4xx_it.o(i.PendSV_Handler)
    SVC_Handler                              0x08002e71   Thumb Code     2  stm32g4xx_it.o(i.SVC_Handler)
    SysTick_Handler                          0x08002e73   Thumb Code     8  stm32g4xx_it.o(i.SysTick_Handler)
    SystemClock_Config                       0x08002e7b   Thumb Code   104  main.o(i.SystemClock_Config)
    SystemInit                               0x08002ee5   Thumb Code    14  system_stm32g4xx.o(i.SystemInit)
    TIM4_IRQHandler                          0x08002ef9   Thumb Code    10  stm32g4xx_it.o(i.TIM4_IRQHandler)
    TIM_Base_SetConfig                       0x08002f09   Thumb Code   204  stm32g4xx_hal_tim.o(i.TIM_Base_SetConfig)
    TIM_CCxChannelCmd                        0x08002ff9   Thumb Code    34  stm32g4xx_hal_tim.o(i.TIM_CCxChannelCmd)
    TIM_ETR_SetConfig                        0x0800301b   Thumb Code    22  stm32g4xx_hal_tim.o(i.TIM_ETR_SetConfig)
    TIM_TI1_SetConfig                        0x08003071   Thumb Code   114  stm32g4xx_hal_tim.o(i.TIM_TI1_SetConfig)
    UsageFault_Handler                       0x080031d7   Thumb Code     4  stm32g4xx_it.o(i.UsageFault_Handler)
    __ARM_fpclassify                         0x080031db   Thumb Code    48  fpclassify.o(i.__ARM_fpclassify)
    __hardfp_sin                             0x08003249   Thumb Code   180  sin.o(i.__hardfp_sin)
    __ieee754_rem_pio2                       0x08003311   Thumb Code   938  rred.o(i.__ieee754_rem_pio2)
    __kernel_cos                             0x08003749   Thumb Code   322  cos_i.o(i.__kernel_cos)
    __kernel_poly                            0x080038b9   Thumb Code   248  poly.o(i.__kernel_poly)
    __kernel_sin                             0x080039b1   Thumb Code   280  sin_i.o(i.__kernel_sin)
    __mathlib_dbl_infnan                     0x08003ae1   Thumb Code    20  dunder.o(i.__mathlib_dbl_infnan)
    __mathlib_dbl_invalid                    0x08003af9   Thumb Code    24  dunder.o(i.__mathlib_dbl_invalid)
    __mathlib_dbl_underflow                  0x08003b19   Thumb Code    24  dunder.o(i.__mathlib_dbl_underflow)
    fabs                                     0x08003b39   Thumb Code    24  fabs.o(i.fabs)
    main                                     0x08003b51   Thumb Code    82  main.o(i.main)
    __aeabi_dneg                             0x08003bb1   Thumb Code     0  basic.o(x$fpl$basic)
    _dneg                                    0x08003bb1   Thumb Code     6  basic.o(x$fpl$basic)
    __aeabi_fneg                             0x08003bb7   Thumb Code     0  basic.o(x$fpl$basic)
    _fneg                                    0x08003bb7   Thumb Code     6  basic.o(x$fpl$basic)
    _dabs                                    0x08003bbd   Thumb Code     6  basic.o(x$fpl$basic)
    _fabs                                    0x08003bc3   Thumb Code     6  basic.o(x$fpl$basic)
    __aeabi_dadd                             0x08003bc9   Thumb Code     0  daddsub_clz.o(x$fpl$dadd)
    _dadd                                    0x08003bc9   Thumb Code   332  daddsub_clz.o(x$fpl$dadd)
    __aeabi_ddiv                             0x08003d19   Thumb Code     0  ddiv.o(x$fpl$ddiv)
    _ddiv                                    0x08003d19   Thumb Code   552  ddiv.o(x$fpl$ddiv)
    __aeabi_d2iz                             0x08003fc9   Thumb Code     0  dfix.o(x$fpl$dfix)
    _dfix                                    0x08003fc9   Thumb Code    94  dfix.o(x$fpl$dfix)
    __aeabi_d2uiz                            0x08004029   Thumb Code     0  dfixu.o(x$fpl$dfixu)
    _dfixu                                   0x08004029   Thumb Code    90  dfixu.o(x$fpl$dfixu)
    __aeabi_i2d                              0x08004083   Thumb Code     0  dflt_clz.o(x$fpl$dflt)
    _dflt                                    0x08004083   Thumb Code    46  dflt_clz.o(x$fpl$dflt)
    __aeabi_ui2d                             0x080040b1   Thumb Code     0  dflt_clz.o(x$fpl$dfltu)
    _dfltu                                   0x080040b1   Thumb Code    38  dflt_clz.o(x$fpl$dfltu)
    __aeabi_dmul                             0x080040d9   Thumb Code     0  dmul.o(x$fpl$dmul)
    _dmul                                    0x080040d9   Thumb Code   332  dmul.o(x$fpl$dmul)
    __fpl_dnaninf                            0x0800422d   Thumb Code   156  dnaninf.o(x$fpl$dnaninf)
    __fpl_dretinf                            0x080042c9   Thumb Code    12  dretinf.o(x$fpl$dretinf)
    __aeabi_drsub                            0x080042d5   Thumb Code     0  daddsub_clz.o(x$fpl$drsb)
    _drsb                                    0x080042d5   Thumb Code    22  daddsub_clz.o(x$fpl$drsb)
    __aeabi_dsub                             0x080042ed   Thumb Code     0  daddsub_clz.o(x$fpl$dsub)
    _dsub                                    0x080042ed   Thumb Code   464  daddsub_clz.o(x$fpl$dsub)
    __aeabi_f2d                              0x080044c1   Thumb Code     0  f2d.o(x$fpl$f2d)
    _f2d                                     0x080044c1   Thumb Code    86  f2d.o(x$fpl$f2d)
    __fpl_fnaninf                            0x08004517   Thumb Code   140  fnaninf.o(x$fpl$fnaninf)
    _fp_init                                 0x080045a3   Thumb Code    10  fpinit.o(x$fpl$fpinit)
    __fplib_config_fpu_vfp                   0x080045ab   Thumb Code     0  fpinit.o(x$fpl$fpinit)
    __fplib_config_pureend_doubles           0x080045ab   Thumb Code     0  fpinit.o(x$fpl$fpinit)
    AHBPrescTable                            0x080045ac   Data          16  system_stm32g4xx.o(.constdata)
    __I$use$fp                               0x080045ac   Number         0  usenofp.o(x$fpl$usenofp)
    APBPrescTable                            0x080045bc   Data           8  system_stm32g4xx.o(.constdata)
    Region$$Table$$Base                      0x080046e8   Number         0  anon$$obj.o(Region$$Table)
    Region$$Table$$Limit                     0x08004708   Number         0  anon$$obj.o(Region$$Table)
    tick                                     0x20000000   Data           4  main.o(.data)
    uwTick                                   0x20000004   Data           4  stm32g4xx_hal.o(.data)
    uwTickPrio                               0x20000008   Data           4  stm32g4xx_hal.o(.data)
    uwTickFreq                               0x2000000c   Data           4  stm32g4xx_hal.o(.data)
    SystemCoreClock                          0x20000010   Data           4  system_stm32g4xx.o(.data)
    change_phase                             0x20000014   Data           1  ddac.o(.data)
    hcomp1                                   0x20000018   Data          36  comp.o(.bss)
    hdac1                                    0x2000003c   Data          20  dac.o(.bss)
    hdac3                                    0x20000050   Data          20  dac.o(.bss)
    hdma_dac1_ch1                            0x20000064   Data          96  dac.o(.bss)
    htim2                                    0x200000c4   Data          76  tim.o(.bss)
    htim4                                    0x20000110   Data          76  tim.o(.bss)
    dds_handler                              0x2000015c   Data        2068  ddac.o(.bss)
    __libspace_start                         0x20000970   Data          96  libspace.o(.bss)
    __temporary_stack_top$libspace           0x200009d0   Data           0  libspace.o(.bss)



==============================================================================

Memory Map of the image

  Image Entry point : 0x080001d9

  Load Region LR_IROM1 (Base: 0x08000000, Size: 0x00004720, Max: 0x00080000, ABSOLUTE)

    Execution Region ER_IROM1 (Exec base: 0x08000000, Load base: 0x08000000, Size: 0x00004708, Max: 0x00080000, ABSOLUTE)

    Exec Addr    Load Addr    Size         Type   Attr      Idx    E Section Name        Object

    0x08000000   0x08000000   0x000001d8   Data   RO            3    RESET               startup_stm32g474xx.o
    0x080001d8   0x080001d8   0x00000008   Code   RO         3760  * !!!main             c_w.l(__main.o)
    0x080001e0   0x080001e0   0x00000034   Code   RO         4013    !!!scatter          c_w.l(__scatter.o)
    0x08000214   0x08000214   0x0000001a   Code   RO         4015    !!handler_copy      c_w.l(__scatter_copy.o)
    0x0800022e   0x0800022e   0x00000002   PAD
    0x08000230   0x08000230   0x0000001c   Code   RO         4017    !!handler_zi        c_w.l(__scatter_zi.o)
    0x0800024c   0x0800024c   0x00000002   Code   RO         3884    .ARM.Collect$$libinit$$00000000  c_w.l(libinit.o)
    0x0800024e   0x0800024e   0x00000004   Code   RO         3887    .ARM.Collect$$libinit$$00000001  c_w.l(libinit2.o)
    0x08000252   0x08000252   0x00000000   Code   RO         3890    .ARM.Collect$$libinit$$00000004  c_w.l(libinit2.o)
    0x08000252   0x08000252   0x00000000   Code   RO         3893    .ARM.Collect$$libinit$$0000000A  c_w.l(libinit2.o)
    0x08000252   0x08000252   0x00000000   Code   RO         3895    .ARM.Collect$$libinit$$0000000C  c_w.l(libinit2.o)
    0x08000252   0x08000252   0x00000000   Code   RO         3897    .ARM.Collect$$libinit$$0000000E  c_w.l(libinit2.o)
    0x08000252   0x08000252   0x00000000   Code   RO         3900    .ARM.Collect$$libinit$$00000011  c_w.l(libinit2.o)
    0x08000252   0x08000252   0x00000000   Code   RO         3902    .ARM.Collect$$libinit$$00000013  c_w.l(libinit2.o)
    0x08000252   0x08000252   0x00000000   Code   RO         3904    .ARM.Collect$$libinit$$00000015  c_w.l(libinit2.o)
    0x08000252   0x08000252   0x00000000   Code   RO         3906    .ARM.Collect$$libinit$$00000017  c_w.l(libinit2.o)
    0x08000252   0x08000252   0x00000000   Code   RO         3908    .ARM.Collect$$libinit$$00000019  c_w.l(libinit2.o)
    0x08000252   0x08000252   0x00000000   Code   RO         3910    .ARM.Collect$$libinit$$0000001B  c_w.l(libinit2.o)
    0x08000252   0x08000252   0x00000000   Code   RO         3912    .ARM.Collect$$libinit$$0000001D  c_w.l(libinit2.o)
    0x08000252   0x08000252   0x00000000   Code   RO         3914    .ARM.Collect$$libinit$$0000001F  c_w.l(libinit2.o)
    0x08000252   0x08000252   0x00000000   Code   RO         3916    .ARM.Collect$$libinit$$00000021  c_w.l(libinit2.o)
    0x08000252   0x08000252   0x00000000   Code   RO         3918    .ARM.Collect$$libinit$$00000023  c_w.l(libinit2.o)
    0x08000252   0x08000252   0x00000000   Code   RO         3920    .ARM.Collect$$libinit$$00000025  c_w.l(libinit2.o)
    0x08000252   0x08000252   0x00000000   Code   RO         3924    .ARM.Collect$$libinit$$0000002C  c_w.l(libinit2.o)
    0x08000252   0x08000252   0x00000000   Code   RO         3926    .ARM.Collect$$libinit$$0000002E  c_w.l(libinit2.o)
    0x08000252   0x08000252   0x00000000   Code   RO         3928    .ARM.Collect$$libinit$$00000030  c_w.l(libinit2.o)
    0x08000252   0x08000252   0x00000000   Code   RO         3930    .ARM.Collect$$libinit$$00000032  c_w.l(libinit2.o)
    0x08000252   0x08000252   0x00000002   Code   RO         3931    .ARM.Collect$$libinit$$00000033  c_w.l(libinit2.o)
    0x08000254   0x08000254   0x00000002   Code   RO         3951    .ARM.Collect$$libshutdown$$00000000  c_w.l(libshutdown.o)
    0x08000256   0x08000256   0x00000000   Code   RO         3964    .ARM.Collect$$libshutdown$$00000002  c_w.l(libshutdown2.o)
    0x08000256   0x08000256   0x00000000   Code   RO         3966    .ARM.Collect$$libshutdown$$00000004  c_w.l(libshutdown2.o)
    0x08000256   0x08000256   0x00000000   Code   RO         3968    .ARM.Collect$$libshutdown$$00000006  c_w.l(libshutdown2.o)
    0x08000256   0x08000256   0x00000000   Code   RO         3971    .ARM.Collect$$libshutdown$$00000009  c_w.l(libshutdown2.o)
    0x08000256   0x08000256   0x00000000   Code   RO         3974    .ARM.Collect$$libshutdown$$0000000C  c_w.l(libshutdown2.o)
    0x08000256   0x08000256   0x00000000   Code   RO         3976    .ARM.Collect$$libshutdown$$0000000E  c_w.l(libshutdown2.o)
    0x08000256   0x08000256   0x00000000   Code   RO         3979    .ARM.Collect$$libshutdown$$00000011  c_w.l(libshutdown2.o)
    0x08000256   0x08000256   0x00000002   Code   RO         3980    .ARM.Collect$$libshutdown$$00000012  c_w.l(libshutdown2.o)
    0x08000258   0x08000258   0x00000000   Code   RO         3798    .ARM.Collect$$rtentry$$00000000  c_w.l(__rtentry.o)
    0x08000258   0x08000258   0x00000000   Code   RO         3839    .ARM.Collect$$rtentry$$00000002  c_w.l(__rtentry2.o)
    0x08000258   0x08000258   0x00000006   Code   RO         3851    .ARM.Collect$$rtentry$$00000004  c_w.l(__rtentry4.o)
    0x0800025e   0x0800025e   0x00000000   Code   RO         3841    .ARM.Collect$$rtentry$$00000009  c_w.l(__rtentry2.o)
    0x0800025e   0x0800025e   0x00000004   Code   RO         3842    .ARM.Collect$$rtentry$$0000000A  c_w.l(__rtentry2.o)
    0x08000262   0x08000262   0x00000000   Code   RO         3844    .ARM.Collect$$rtentry$$0000000C  c_w.l(__rtentry2.o)
    0x08000262   0x08000262   0x00000008   Code   RO         3845    .ARM.Collect$$rtentry$$0000000D  c_w.l(__rtentry2.o)
    0x0800026a   0x0800026a   0x00000002   Code   RO         3885    .ARM.Collect$$rtexit$$00000000  c_w.l(rtexit.o)
    0x0800026c   0x0800026c   0x00000000   Code   RO         3933    .ARM.Collect$$rtexit$$00000002  c_w.l(rtexit2.o)
    0x0800026c   0x0800026c   0x00000004   Code   RO         3934    .ARM.Collect$$rtexit$$00000003  c_w.l(rtexit2.o)
    0x08000270   0x08000270   0x00000006   Code   RO         3935    .ARM.Collect$$rtexit$$00000004  c_w.l(rtexit2.o)
    0x08000276   0x08000276   0x00000002   PAD
    0x08000278   0x08000278   0x00000040   Code   RO            4    .text               startup_stm32g474xx.o
    0x080002b8   0x080002b8   0x00000044   Code   RO         3754    .text               c_w.l(rt_memclr.o)
    0x080002fc   0x080002fc   0x0000004e   Code   RO         3756    .text               c_w.l(rt_memclr_w.o)
    0x0800034a   0x0800034a   0x00000006   Code   RO         3758    .text               c_w.l(heapauxi.o)
    0x08000350   0x08000350   0x00000016   Code   RO         3799    .text               c_w.l(_rserrno.o)
    0x08000366   0x08000366   0x00000002   PAD
    0x08000368   0x08000368   0x00000008   Code   RO         3856    .text               c_w.l(rt_errno_addr_intlibspace.o)
    0x08000370   0x08000370   0x00000008   Code   RO         3872    .text               c_w.l(libspace.o)
    0x08000378   0x08000378   0x0000004a   Code   RO         3875    .text               c_w.l(sys_stackheap_outer.o)
    0x080003c2   0x080003c2   0x00000012   Code   RO         3877    .text               c_w.l(exit.o)
    0x080003d4   0x080003d4   0x0000000c   Code   RO         3943    .text               c_w.l(sys_exit.o)
    0x080003e0   0x080003e0   0x00000002   Code   RO         3954    .text               c_w.l(use_no_semi.o)
    0x080003e2   0x080003e2   0x00000000   Code   RO         3956    .text               c_w.l(indicate_semi.o)
    0x080003e2   0x080003e2   0x00000004   Code   RO          383    i.BusFault_Handler  stm32g4xx_it.o
    0x080003e6   0x080003e6   0x00000012   Code   RO         2194    i.DAC_DMAConvCpltCh1  stm32g4xx_hal_dac.o
    0x080003f8   0x080003f8   0x00000012   Code   RO         2338    i.DAC_DMAConvCpltCh2  stm32g4xx_hal_dac_ex.o
    0x0800040a   0x0800040a   0x0000001a   Code   RO         2195    i.DAC_DMAErrorCh1   stm32g4xx_hal_dac.o
    0x08000424   0x08000424   0x0000001a   Code   RO         2339    i.DAC_DMAErrorCh2   stm32g4xx_hal_dac_ex.o
    0x0800043e   0x0800043e   0x0000000e   Code   RO         2196    i.DAC_DMAHalfConvCpltCh1  stm32g4xx_hal_dac.o
    0x0800044c   0x0800044c   0x0000000e   Code   RO         2340    i.DAC_DMAHalfConvCpltCh2  stm32g4xx_hal_dac_ex.o
    0x0800045a   0x0800045a   0x00000002   PAD
    0x0800045c   0x0800045c   0x000000a4   Code   RO         3675    i.DDS_GenerateWaveTable  ddac.o
    0x08000500   0x08000500   0x00000040   Code   RO         3676    i.DDS_Init          ddac.o
    0x08000540   0x08000540   0x00000050   Code   RO         3677    i.DDS_REStart       ddac.o
    0x08000590   0x08000590   0x0000007c   Code   RO         3678    i.DDS_SetFrequency  ddac.o
    0x0800060c   0x0800060c   0x00000044   Code   RO         3679    i.DDS_SetInitialPhase  ddac.o
    0x08000650   0x08000650   0x00000058   Code   RO         3680    i.DDS_Start         ddac.o
    0x080006a8   0x080006a8   0x00000036   Code   RO         3682    i.DDS_UpdateBuffer  ddac.o
    0x080006de   0x080006de   0x00000002   PAD
    0x080006e0   0x080006e0   0x00000010   Code   RO          384    i.DMA1_Channel1_IRQHandler  stm32g4xx_it.o
    0x080006f0   0x080006f0   0x00000044   Code   RO         1535    i.DMA_CalcDMAMUXChannelBaseAndMask  stm32g4xx_hal_dma.o
    0x08000734   0x08000734   0x00000024   Code   RO         1536    i.DMA_CalcDMAMUXRequestGenBaseAndMask  stm32g4xx_hal_dma.o
    0x08000758   0x08000758   0x00000040   Code   RO         1537    i.DMA_SetConfig     stm32g4xx_hal_dma.o
    0x08000798   0x08000798   0x00000002   Code   RO          385    i.DebugMon_Handler  stm32g4xx_it.o
    0x0800079a   0x0800079a   0x00000006   Code   RO           13    i.Error_Handler     main.o
    0x080007a0   0x080007a0   0x00000334   Code   RO          500    i.HAL_COMP_Init     stm32g4xx_hal_comp.o
    0x08000ad4   0x08000ad4   0x00000070   Code   RO          222    i.HAL_COMP_MspInit  comp.o
    0x08000b44   0x08000b44   0x00000064   Code   RO          504    i.HAL_COMP_Start    stm32g4xx_hal_comp.o
    0x08000ba8   0x08000ba8   0x00000002   Code   RO         2341    i.HAL_DACEx_ConvCpltCallbackCh2  stm32g4xx_hal_dac_ex.o
    0x08000baa   0x08000baa   0x00000002   Code   RO         2342    i.HAL_DACEx_ConvHalfCpltCallbackCh2  stm32g4xx_hal_dac_ex.o
    0x08000bac   0x08000bac   0x00000002   Code   RO         2350    i.HAL_DACEx_ErrorCallbackCh2  stm32g4xx_hal_dac_ex.o
    0x08000bae   0x08000bae   0x00000002   PAD
    0x08000bb0   0x08000bb0   0x00000268   Code   RO         2197    i.HAL_DAC_ConfigChannel  stm32g4xx_hal_dac.o
    0x08000e18   0x08000e18   0x00000030   Code   RO         3683    i.HAL_DAC_ConvCpltCallbackCh1  ddac.o
    0x08000e48   0x08000e48   0x00000002   Code   RO         2199    i.HAL_DAC_ConvHalfCpltCallbackCh1  stm32g4xx_hal_dac.o
    0x08000e4a   0x08000e4a   0x00000002   Code   RO         2202    i.HAL_DAC_ErrorCallbackCh1  stm32g4xx_hal_dac.o
    0x08000e4c   0x08000e4c   0x00000028   Code   RO         2207    i.HAL_DAC_Init      stm32g4xx_hal_dac.o
    0x08000e74   0x08000e74   0x000000dc   Code   RO          264    i.HAL_DAC_MspInit   dac.o
    0x08000f50   0x08000f50   0x0000015c   Code   RO         2212    i.HAL_DAC_Start_DMA  stm32g4xx_hal_dac.o
    0x080010ac   0x080010ac   0x00000062   Code   RO         2214    i.HAL_DAC_Stop_DMA  stm32g4xx_hal_dac.o
    0x0800110e   0x0800110e   0x00000076   Code   RO         1538    i.HAL_DMA_Abort     stm32g4xx_hal_dma.o
    0x08001184   0x08001184   0x000000fe   Code   RO         1543    i.HAL_DMA_IRQHandler  stm32g4xx_hal_dma.o
    0x08001282   0x08001282   0x00000002   PAD
    0x08001284   0x08001284   0x000000d0   Code   RO         1544    i.HAL_DMA_Init      stm32g4xx_hal_dma.o
    0x08001354   0x08001354   0x000000c2   Code   RO         1548    i.HAL_DMA_Start_IT  stm32g4xx_hal_dma.o
    0x08001416   0x08001416   0x00000002   PAD
    0x08001418   0x08001418   0x00000028   Code   RO          625    i.HAL_Delay         stm32g4xx_hal.o
    0x08001440   0x08001440   0x000001cc   Code   RO         1400    i.HAL_GPIO_Init     stm32g4xx_hal_gpio.o
    0x0800160c   0x0800160c   0x0000000c   Code   RO          629    i.HAL_GetTick       stm32g4xx_hal.o
    0x08001618   0x08001618   0x00000018   Code   RO          635    i.HAL_IncTick       stm32g4xx_hal.o
    0x08001630   0x08001630   0x0000001e   Code   RO          636    i.HAL_Init          stm32g4xx_hal.o
    0x0800164e   0x0800164e   0x00000002   PAD
    0x08001650   0x08001650   0x00000058   Code   RO          637    i.HAL_InitTick      stm32g4xx_hal.o
    0x080016a8   0x080016a8   0x00000044   Code   RO          471    i.HAL_MspInit       stm32g4xx_hal_msp.o
    0x080016ec   0x080016ec   0x00000028   Code   RO         2049    i.HAL_NVIC_EnableIRQ  stm32g4xx_hal_cortex.o
    0x08001714   0x08001714   0x0000007a   Code   RO         2055    i.HAL_NVIC_SetPriority  stm32g4xx_hal_cortex.o
    0x0800178e   0x0800178e   0x00000002   PAD
    0x08001790   0x08001790   0x00000028   Code   RO         2056    i.HAL_NVIC_SetPriorityGrouping  stm32g4xx_hal_cortex.o
    0x080017b8   0x080017b8   0x00000118   Code   RO         1803    i.HAL_PWREx_ControlVoltageScaling  stm32g4xx_hal_pwr_ex.o
    0x080018d0   0x080018d0   0x00000014   Code   RO         1815    i.HAL_PWREx_DisableUCPDDeadBattery  stm32g4xx_hal_pwr_ex.o
    0x080018e4   0x080018e4   0x00000224   Code   RO          871    i.HAL_RCC_ClockConfig  stm32g4xx_hal_rcc.o
    0x08001b08   0x08001b08   0x0000000c   Code   RO          877    i.HAL_RCC_GetHCLKFreq  stm32g4xx_hal_rcc.o
    0x08001b14   0x08001b14   0x00000098   Code   RO          881    i.HAL_RCC_GetSysClockFreq  stm32g4xx_hal_rcc.o
    0x08001bac   0x08001bac   0x0000055c   Code   RO          884    i.HAL_RCC_OscConfig  stm32g4xx_hal_rcc.o
    0x08002108   0x08002108   0x00000034   Code   RO         2060    i.HAL_SYSTICK_Config  stm32g4xx_hal_cortex.o
    0x0800213c   0x0800213c   0x00000002   Code   RO         3209    i.HAL_TIMEx_Break2Callback  stm32g4xx_hal_tim_ex.o
    0x0800213e   0x0800213e   0x00000002   Code   RO         3210    i.HAL_TIMEx_BreakCallback  stm32g4xx_hal_tim_ex.o
    0x08002140   0x08002140   0x00000002   Code   RO         3211    i.HAL_TIMEx_CommutCallback  stm32g4xx_hal_tim_ex.o
    0x08002142   0x08002142   0x00000002   Code   RO         3222    i.HAL_TIMEx_DirectionChangeCallback  stm32g4xx_hal_tim_ex.o
    0x08002144   0x08002144   0x00000002   Code   RO         3236    i.HAL_TIMEx_EncoderIndexCallback  stm32g4xx_hal_tim_ex.o
    0x08002146   0x08002146   0x00000002   Code   RO         3250    i.HAL_TIMEx_IndexErrorCallback  stm32g4xx_hal_tim_ex.o
    0x08002148   0x08002148   0x000000d8   Code   RO         3251    i.HAL_TIMEx_MasterConfigSynchronization  stm32g4xx_hal_tim_ex.o
    0x08002220   0x08002220   0x00000002   Code   RO         3272    i.HAL_TIMEx_TransitionErrorCallback  stm32g4xx_hal_tim_ex.o
    0x08002222   0x08002222   0x0000006e   Code   RO         2484    i.HAL_TIM_Base_Init  stm32g4xx_hal_tim.o
    0x08002290   0x08002290   0x000000e4   Code   RO          336    i.HAL_TIM_Base_MspInit  tim.o
    0x08002374   0x08002374   0x000000a8   Code   RO         2487    i.HAL_TIM_Base_Start  stm32g4xx_hal_tim.o
    0x0800241c   0x0800241c   0x0000013c   Code   RO         2493    i.HAL_TIM_ConfigClockSource  stm32g4xx_hal_tim.o
    0x08002558   0x08002558   0x00000050   Code   RO           14    i.HAL_TIM_IC_CaptureCallback  main.o
    0x080025a8   0x080025a8   0x000000de   Code   RO         2520    i.HAL_TIM_IC_ConfigChannel  stm32g4xx_hal_tim.o
    0x08002686   0x08002686   0x0000006e   Code   RO         2523    i.HAL_TIM_IC_Init   stm32g4xx_hal_tim.o
    0x080026f4   0x080026f4   0x00000002   Code   RO         2525    i.HAL_TIM_IC_MspInit  stm32g4xx_hal_tim.o
    0x080026f6   0x080026f6   0x00000002   PAD
    0x080026f8   0x080026f8   0x000001c8   Code   RO         2528    i.HAL_TIM_IC_Start_IT  stm32g4xx_hal_tim.o
    0x080028c0   0x080028c0   0x00000220   Code   RO         2532    i.HAL_TIM_IRQHandler  stm32g4xx_hal_tim.o
    0x08002ae0   0x08002ae0   0x00000002   Code   RO         2535    i.HAL_TIM_OC_DelayElapsedCallback  stm32g4xx_hal_tim.o
    0x08002ae2   0x08002ae2   0x00000002   Code   RO         2562    i.HAL_TIM_PWM_PulseFinishedCallback  stm32g4xx_hal_tim.o
    0x08002ae4   0x08002ae4   0x00000002   Code   RO         2570    i.HAL_TIM_PeriodElapsedCallback  stm32g4xx_hal_tim.o
    0x08002ae6   0x08002ae6   0x00000002   Code   RO         2575    i.HAL_TIM_TriggerCallback  stm32g4xx_hal_tim.o
    0x08002ae8   0x08002ae8   0x00000004   Code   RO          386    i.HardFault_Handler  stm32g4xx_it.o
    0x08002aec   0x08002aec   0x0000000c   Code   RO          507    i.LL_EXTI_ClearFlag_0_31  stm32g4xx_hal_comp.o
    0x08002af8   0x08002af8   0x0000000c   Code   RO          508    i.LL_EXTI_ClearFlag_32_63  stm32g4xx_hal_comp.o
    0x08002b04   0x08002b04   0x00000010   Code   RO          509    i.LL_EXTI_DisableEvent_0_31  stm32g4xx_hal_comp.o
    0x08002b14   0x08002b14   0x00000010   Code   RO          510    i.LL_EXTI_DisableEvent_32_63  stm32g4xx_hal_comp.o
    0x08002b24   0x08002b24   0x00000010   Code   RO          511    i.LL_EXTI_DisableIT_0_31  stm32g4xx_hal_comp.o
    0x08002b34   0x08002b34   0x00000010   Code   RO          512    i.LL_EXTI_DisableIT_32_63  stm32g4xx_hal_comp.o
    0x08002b44   0x08002b44   0x0000003c   Code   RO          223    i.MX_COMP1_Init     comp.o
    0x08002b80   0x08002b80   0x0000005c   Code   RO          265    i.MX_DAC1_Init      dac.o
    0x08002bdc   0x08002bdc   0x00000058   Code   RO          266    i.MX_DAC3_Init      dac.o
    0x08002c34   0x08002c34   0x00000050   Code   RO          311    i.MX_DMA_Init       dma.o
    0x08002c84   0x08002c84   0x00000058   Code   RO          197    i.MX_GPIO_Init      gpio.o
    0x08002cdc   0x08002cdc   0x0000006c   Code   RO          337    i.MX_TIM2_Init      tim.o
    0x08002d48   0x08002d48   0x000000b4   Code   RO          338    i.MX_TIM4_Init      tim.o
    0x08002dfc   0x08002dfc   0x00000004   Code   RO          387    i.MemManage_Handler  stm32g4xx_it.o
    0x08002e00   0x08002e00   0x00000004   Code   RO          388    i.NMI_Handler       stm32g4xx_it.o
    0x08002e04   0x08002e04   0x00000002   Code   RO          389    i.PendSV_Handler    stm32g4xx_it.o
    0x08002e06   0x08002e06   0x00000002   PAD
    0x08002e08   0x08002e08   0x00000068   Code   RO          885    i.RCC_GetSysClockFreqFromPLLSource  stm32g4xx_hal_rcc.o
    0x08002e70   0x08002e70   0x00000002   Code   RO          390    i.SVC_Handler       stm32g4xx_it.o
    0x08002e72   0x08002e72   0x00000008   Code   RO          391    i.SysTick_Handler   stm32g4xx_it.o
    0x08002e7a   0x08002e7a   0x00000068   Code   RO           15    i.SystemClock_Config  main.o
    0x08002ee2   0x08002ee2   0x00000002   PAD
    0x08002ee4   0x08002ee4   0x00000014   Code   RO         3639    i.SystemInit        system_stm32g4xx.o
    0x08002ef8   0x08002ef8   0x00000010   Code   RO          392    i.TIM4_IRQHandler   stm32g4xx_it.o
    0x08002f08   0x08002f08   0x000000f0   Code   RO         2577    i.TIM_Base_SetConfig  stm32g4xx_hal_tim.o
    0x08002ff8   0x08002ff8   0x00000022   Code   RO         2578    i.TIM_CCxChannelCmd  stm32g4xx_hal_tim.o
    0x0800301a   0x0800301a   0x00000016   Code   RO         2588    i.TIM_ETR_SetConfig  stm32g4xx_hal_tim.o
    0x08003030   0x08003030   0x00000018   Code   RO         2589    i.TIM_ITRx_SetConfig  stm32g4xx_hal_tim.o
    0x08003048   0x08003048   0x00000026   Code   RO         2597    i.TIM_TI1_ConfigInputStage  stm32g4xx_hal_tim.o
    0x0800306e   0x0800306e   0x00000002   PAD
    0x08003070   0x08003070   0x00000090   Code   RO         2598    i.TIM_TI1_SetConfig  stm32g4xx_hal_tim.o
    0x08003100   0x08003100   0x00000028   Code   RO         2599    i.TIM_TI2_ConfigInputStage  stm32g4xx_hal_tim.o
    0x08003128   0x08003128   0x0000003a   Code   RO         2600    i.TIM_TI2_SetConfig  stm32g4xx_hal_tim.o
    0x08003162   0x08003162   0x00000038   Code   RO         2601    i.TIM_TI3_SetConfig  stm32g4xx_hal_tim.o
    0x0800319a   0x0800319a   0x0000003c   Code   RO         2602    i.TIM_TI4_SetConfig  stm32g4xx_hal_tim.o
    0x080031d6   0x080031d6   0x00000004   Code   RO          393    i.UsageFault_Handler  stm32g4xx_it.o
    0x080031da   0x080031da   0x00000030   Code   RO         3868    i.__ARM_fpclassify  m_wm.l(fpclassify.o)
    0x0800320a   0x0800320a   0x00000002   PAD
    0x0800320c   0x0800320c   0x00000010   Code   RO         2062    i.__NVIC_GetPriorityGrouping  stm32g4xx_hal_cortex.o
    0x0800321c   0x0800321c   0x00000028   Code   RO         2063    i.__NVIC_SetPriority  stm32g4xx_hal_cortex.o
    0x08003244   0x08003244   0x00000004   PAD
    0x08003248   0x08003248   0x000000c8   Code   RO         3786    i.__hardfp_sin      m_wm.l(sin.o)
    0x08003310   0x08003310   0x00000438   Code   RO         3827    i.__ieee754_rem_pio2  m_wm.l(rred.o)
    0x08003748   0x08003748   0x00000170   Code   RO         3810    i.__kernel_cos      m_wm.l(cos_i.o)
    0x080038b8   0x080038b8   0x000000f8   Code   RO         3870    i.__kernel_poly     m_wm.l(poly.o)
    0x080039b0   0x080039b0   0x00000130   Code   RO         3832    i.__kernel_sin      m_wm.l(sin_i.o)
    0x08003ae0   0x08003ae0   0x00000014   Code   RO         3814    i.__mathlib_dbl_infnan  m_wm.l(dunder.o)
    0x08003af4   0x08003af4   0x00000004   PAD
    0x08003af8   0x08003af8   0x00000020   Code   RO         3816    i.__mathlib_dbl_invalid  m_wm.l(dunder.o)
    0x08003b18   0x08003b18   0x00000020   Code   RO         3819    i.__mathlib_dbl_underflow  m_wm.l(dunder.o)
    0x08003b38   0x08003b38   0x00000018   Code   RO         3864    i.fabs              m_wm.l(fabs.o)
    0x08003b50   0x08003b50   0x00000060   Code   RO           16    i.main              main.o
    0x08003bb0   0x08003bb0   0x00000018   Code   RO         3801    x$fpl$basic         fz_wm.l(basic.o)
    0x08003bc8   0x08003bc8   0x00000150   Code   RO         3762    x$fpl$dadd          fz_wm.l(daddsub_clz.o)
    0x08003d18   0x08003d18   0x000002b0   Code   RO         3769    x$fpl$ddiv          fz_wm.l(ddiv.o)
    0x08003fc8   0x08003fc8   0x0000005e   Code   RO         3858    x$fpl$dfix          fz_wm.l(dfix.o)
    0x08004026   0x08004026   0x00000002   PAD
    0x08004028   0x08004028   0x0000005a   Code   RO         3772    x$fpl$dfixu         fz_wm.l(dfixu.o)
    0x08004082   0x08004082   0x0000002e   Code   RO         3777    x$fpl$dflt          fz_wm.l(dflt_clz.o)
    0x080040b0   0x080040b0   0x00000026   Code   RO         3776    x$fpl$dfltu         fz_wm.l(dflt_clz.o)
    0x080040d6   0x080040d6   0x00000002   PAD
    0x080040d8   0x080040d8   0x00000154   Code   RO         3782    x$fpl$dmul          fz_wm.l(dmul.o)
    0x0800422c   0x0800422c   0x0000009c   Code   RO         3803    x$fpl$dnaninf       fz_wm.l(dnaninf.o)
    0x080042c8   0x080042c8   0x0000000c   Code   RO         3805    x$fpl$dretinf       fz_wm.l(dretinf.o)
    0x080042d4   0x080042d4   0x00000016   Code   RO         3763    x$fpl$drsb          fz_wm.l(daddsub_clz.o)
    0x080042ea   0x080042ea   0x00000002   PAD
    0x080042ec   0x080042ec   0x000001d4   Code   RO         3764    x$fpl$dsub          fz_wm.l(daddsub_clz.o)
    0x080044c0   0x080044c0   0x00000056   Code   RO         3784    x$fpl$f2d           fz_wm.l(f2d.o)
    0x08004516   0x08004516   0x0000008c   Code   RO         3807    x$fpl$fnaninf       fz_wm.l(fnaninf.o)
    0x080045a2   0x080045a2   0x0000000a   Code   RO         3941    x$fpl$fpinit        fz_wm.l(fpinit.o)
    0x080045ac   0x080045ac   0x00000000   Code   RO         3809    x$fpl$usenofp       fz_wm.l(usenofp.o)
    0x080045ac   0x080045ac   0x00000018   Data   RO         3640    .constdata          system_stm32g4xx.o
    0x080045c4   0x080045c4   0x00000004   PAD
    0x080045c8   0x080045c8   0x00000030   Data   RO         3811    .constdata          m_wm.l(cos_i.o)
    0x080045f8   0x080045f8   0x000000c8   Data   RO         3829    .constdata          m_wm.l(rred.o)
    0x080046c0   0x080046c0   0x00000028   Data   RO         3833    .constdata          m_wm.l(sin_i.o)
    0x080046e8   0x080046e8   0x00000020   Data   RO         4011    Region$$Table       anon$$obj.o


    Execution Region RW_IRAM1 (Exec base: 0x20000000, Load base: 0x08004708, Size: 0x00000fd0, Max: 0x00020000, ABSOLUTE)

    Exec Addr    Load Addr    Size         Type   Attr      Idx    E Section Name        Object

    0x20000000   0x08004708   0x00000004   Data   RW           17    .data               main.o
    0x20000004   0x0800470c   0x0000000c   Data   RW          656    .data               stm32g4xx_hal.o
    0x20000010   0x08004718   0x00000004   Data   RW         3641    .data               system_stm32g4xx.o
    0x20000014   0x0800471c   0x00000001   Data   RW         3685    .data               ddac.o
    0x20000015   0x0800471d   0x00000003   PAD
    0x20000018        -       0x00000024   Zero   RW          224    .bss                comp.o
    0x2000003c        -       0x00000088   Zero   RW          267    .bss                dac.o
    0x200000c4        -       0x00000098   Zero   RW          339    .bss                tim.o
    0x2000015c        -       0x00000814   Zero   RW         3684    .bss                ddac.o
    0x20000970        -       0x00000060   Zero   RW         3873    .bss                c_w.l(libspace.o)
    0x200009d0        -       0x00000200   Zero   RW            2    HEAP                startup_stm32g474xx.o
    0x20000bd0        -       0x00000400   Zero   RW            1    STACK               startup_stm32g474xx.o


==============================================================================

Image component sizes


      Code (inc. data)   RO Data    RW Data    ZI Data      Debug   Object Name

       172         20          0          0         36       1736   comp.o
       400         38          0          0        136       2580   dac.o
       690        100          0          1       2068       6374   ddac.o
        80          6          0          0          0        838   dma.o
        88          4          0          0          0        879   gpio.o
       286         26          0          4          0     864204   main.o
        64         26        472          0       1536        864   startup_stm32g474xx.o
       194         32          0         12          0       4469   stm32g4xx_hal.o
      1008         58          0          0          0      10625   stm32g4xx_hal_comp.o
       310         22          0          0          0      34499   stm32g4xx_hal_cortex.o
      1164         44          0          0          0       7795   stm32g4xx_hal_dac.o
        64          0          0          0          0       4277   stm32g4xx_hal_dac_ex.o
       942         22          0          0          0       5747   stm32g4xx_hal_dma.o
       460         32          0          0          0       1448   stm32g4xx_hal_gpio.o
        68          6          0          0          0        898   stm32g4xx_hal_msp.o
       300         18          0          0          0       1453   stm32g4xx_hal_pwr_ex.o
      2188         86          0          0          0       6206   stm32g4xx_hal_rcc.o
      2652        150          0          0          0      17751   stm32g4xx_hal_tim.o
       230         34          0          0          0       5756   stm32g4xx_hal_tim_ex.o
        66         12          0          0          0       5463   stm32g4xx_it.o
        20          6         24          4          0       1195   system_stm32g4xx.o
       516         26          0          0        152       2739   tim.o

    ----------------------------------------------------------------------
     11988        772        532         24       3928     987796   Object Totals
         0          0         32          0          0          0   (incl. Generated)
        26          4          4          3          0          0   (incl. Padding)

    ----------------------------------------------------------------------

      Code (inc. data)   RO Data    RW Data    ZI Data      Debug   Library Member Name

         8          0          0          0          0         68   __main.o
         0          0          0          0          0          0   __rtentry.o
        12          0          0          0          0          0   __rtentry2.o
         6          0          0          0          0          0   __rtentry4.o
        52          8          0          0          0          0   __scatter.o
        26          0          0          0          0          0   __scatter_copy.o
        28          0          0          0          0          0   __scatter_zi.o
        22          0          0          0          0        100   _rserrno.o
        18          0          0          0          0         80   exit.o
         6          0          0          0          0        152   heapauxi.o
         0          0          0          0          0          0   indicate_semi.o
         2          0          0          0          0          0   libinit.o
         6          0          0          0          0          0   libinit2.o
         2          0          0          0          0          0   libshutdown.o
         2          0          0          0          0          0   libshutdown2.o
         8          4          0          0         96         68   libspace.o
         8          4          0          0          0         68   rt_errno_addr_intlibspace.o
        68          0          0          0          0         68   rt_memclr.o
        78          0          0          0          0         80   rt_memclr_w.o
         2          0          0          0          0          0   rtexit.o
        10          0          0          0          0          0   rtexit2.o
        12          4          0          0          0         68   sys_exit.o
        74          0          0          0          0         80   sys_stackheap_outer.o
         2          0          0          0          0         68   use_no_semi.o
        24          0          0          0          0        164   basic.o
       826         16          0          0          0        492   daddsub_clz.o
       688        140          0          0          0        256   ddiv.o
        94          4          0          0          0        140   dfix.o
        90          4          0          0          0        140   dfixu.o
        84          0          0          0          0        232   dflt_clz.o
       340         12          0          0          0        152   dmul.o
       156          4          0          0          0        140   dnaninf.o
        12          0          0          0          0        116   dretinf.o
        86          4          0          0          0        132   f2d.o
       140          4          0          0          0        132   fnaninf.o
        10          0          0          0          0        116   fpinit.o
         0          0          0          0          0          0   usenofp.o
       368         46         48          0          0        200   cos_i.o
        84         16          0          0          0        372   dunder.o
        24          0          0          0          0        124   fabs.o
        48          0          0          0          0        124   fpclassify.o
       248          0          0          0          0        152   poly.o
      1080        142        200          0          0        188   rred.o
       200         20          0          0          0        164   sin.o
       304         24         40          0          0        208   sin_i.o

    ----------------------------------------------------------------------
      5376        456        288          0         96       4644   Library Totals
        18          0          0          0          0          0   (incl. Padding)

    ----------------------------------------------------------------------

      Code (inc. data)   RO Data    RW Data    ZI Data      Debug   Library Name

       452         20          0          0         96        900   c_w.l
      2550        188          0          0          0       2212   fz_wm.l
      2356        248        288          0          0       1532   m_wm.l

    ----------------------------------------------------------------------
      5376        456        288          0         96       4644   Library Totals

    ----------------------------------------------------------------------

==============================================================================


      Code (inc. data)   RO Data    RW Data    ZI Data      Debug   

     17364       1228        820         24       4024     978976   Grand Totals
     17364       1228        820         24       4024     978976   ELF Image Totals
     17364       1228        820         24          0          0   ROM Totals

==============================================================================

    Total RO  Size (Code + RO Data)                18184 (  17.76kB)
    Total RW  Size (RW Data + ZI Data)              4048 (   3.95kB)
    Total ROM Size (Code + RO Data + RW Data)      18208 (  17.78kB)

==============================================================================

