<html>
<body>
<pre>
<h1>µVision Build Log</h1>
<h2>Tool Versions:</h2>
IDE-Version: ¦ÌVision V5.38.0.0
Copyright (C) 2022 ARM Ltd and ARM Germany GmbH. All rights reserved.
License Information: ran ziyun, ranziyun, LIC=TA39H-W0QC7-NTP3G-VIDTZ-CQL6N-T90A4
 
Tool Versions:
Toolchain:       MDK-ARM Professional  Version: 5.36.0.0
Toolchain Path:  D:\STM32keil5\ARM\ARMCC\Bin
C Compiler:      Armcc.exe V5.06 update 7 (build 960)
Assembler:       Armasm.exe V5.06 update 7 (build 960)
Linker/Locator:  ArmLink.exe V5.06 update 7 (build 960)
Library Manager: ArmAr.exe V5.06 update 7 (build 960)
Hex Converter:   FromElf.exe V5.06 update 7 (build 960)
CPU DLL:         SARMCM3.DLL V5.36.0.0
Dialog DLL:      DCM.DLL V1.17.3.0
Target DLL:      CMSIS_AGDI.dll V1.33.0.0
Dialog DLL:      TCM.DLL V1.53.0.0
 
<h2>Project:</h2>
C:\Users\28220\Desktop\MCU,LEARN\G474\DDS_MAX\G474_DDS_MAX\MDK-ARM\G474_DDS_MAX.uvprojx
Project File Date:  02/03/2026

<h2>Output:</h2>
*** Using Compiler 'V5.06 update 7 (build 960)', folder: 'D:\STM32keil5\ARM\ARMCC\Bin'
Build target 'G474_DDS_MAX'
compiling main.c...
compiling ddac.c...
..\CODE\ddac.c(91): warning:  #1035-D: single-precision operand implicitly converted to double-precision
      hdds->phase_increment = (uint32_t)((frequency * 4294967296.0) / sampling_rate);
..\CODE\ddac.c: 1 warning, 0 errors
linking...
Program Size: Code=17364 RO-data=820 RW-data=24 ZI-data=4024  
FromELF: creating hex file...
"G474_DDS_MAX\G474_DDS_MAX.axf" - 0 Error(s), 1 Warning(s).

<h2>Software Packages used:</h2>

Package Vendor: ARM
                http://www.keil.com/pack/ARM.CMSIS.5.8.0.pack
                ARM.CMSIS.5.8.0
                CMSIS (Common Microcontroller Software Interface Standard)
   * Component: CORE Version: 5.5.0

Package Vendor: Keil
                https://www.keil.com/pack/Keil.STM32G4xx_DFP.2.2.0.pack
                Keil.STM32G4xx_DFP.2.2.0
                STMicroelectronics STM32G4 Series Device Support

<h2>Collection of Component include folders:</h2>
  ./RTE/_G474_DDS_MAX
  D:/STM32keil5/ARM/CMSIS/5.8.0/CMSIS/Core/Include

<h2>Collection of Component Files used:</h2>

   * Component: ARM::CMSIS:CORE:5.5.0
      Include file:  CMSIS/Core/Include/tz_context.h
Build Time Elapsed:  00:00:01
</pre>
</body>
</html>
